14:37:46 **** Build of configuration Debug for project uart_test ****
make -j6 all 
arm-none-eabi-gcc "../Drivers/STM32F1xx_HAL_Driver/Src/stm32f1xx_hal.c" -mcpu=cortex-m3 -std=gnu11 -g3 -DDEBUG -DUSE_HAL_DRIVER -DSTM32F103xB -c -I../Core/Inc -I../Drivers/STM32F1xx_HAL_Driver/Inc/Legacy -I../Drivers/STM32F1xx_HAL_Driver/Inc -I../Drivers/CMSIS/Device/ST/STM32F1xx/Include -I../Drivers/CMSIS/Include -O0 -ffunction-sections -fdata-sections -Wall -fstack-usage -fcyclomatic-complexity -MMD -MP -MF"Drivers/STM32F1xx_HAL_Driver/Src/stm32f1xx_hal.d" -MT"Drivers/STM32F1xx_HAL_Driver/Src/stm32f1xx_hal.o" --specs=nano.specs -mfloat-abi=soft -mthumb -o "Drivers/STM32F1xx_HAL_Driver/Src/stm32f1xx_hal.o"
arm-none-eabi-gcc "../Drivers/STM32F1xx_HAL_Driver/Src/stm32f1xx_hal_cortex.c" -mcpu=cortex-m3 -std=gnu11 -g3 -DDEBUG -DUSE_HAL_DRIVER -DSTM32F103xB -c -I../Core/Inc -I../Drivers/STM32F1xx_HAL_Driver/Inc/Legacy -I../Drivers/STM32F1xx_HAL_Driver/Inc -I../Drivers/CMSIS/Device/ST/STM32F1xx/Include -I../Drivers/CMSIS/Include -O0 -ffunction-sections -fdata-sections -Wall -fstack-usage -fcyclomatic-complexity -MMD -MP -MF"Drivers/STM32F1xx_HAL_Driver/Src/stm32f1xx_hal_cortex.d" -MT"Drivers/STM32F1xx_HAL_Driver/Src/stm32f1xx_hal_cortex.o" --specs=nano.specs -mfloat-abi=soft -mthumb -o "Drivers/STM32F1xx_HAL_Driver/Src/stm32f1xx_hal_cortex.o"
arm-none-eabi-gcc "../Drivers/STM32F1xx_HAL_Driver/Src/stm32f1xx_hal_dma.c" -mcpu=cortex-m3 -std=gnu11 -g3 -DDEBUG -DUSE_HAL_DRIVER -DSTM32F103xB -c -I../Core/Inc -I../Drivers/STM32F1xx_HAL_Driver/Inc/Legacy -I../Drivers/STM32F1xx_HAL_Driver/Inc -I../Drivers/CMSIS/Device/ST/STM32F1xx/Include -I../Drivers/CMSIS/Include -O0 -ffunction-sections -fdata-sections -Wall -fstack-usage -fcyclomatic-complexity -MMD -MP -MF"Drivers/STM32F1xx_HAL_Driver/Src/stm32f1xx_hal_dma.d" -MT"Drivers/STM32F1xx_HAL_Driver/Src/stm32f1xx_hal_dma.o" --specs=nano.specs -mfloat-abi=soft -mthumb -o "Drivers/STM32F1xx_HAL_Driver/Src/stm32f1xx_hal_dma.o"
arm-none-eabi-gcc "../Drivers/STM32F1xx_HAL_Driver/Src/stm32f1xx_hal_exti.c" -mcpu=cortex-m3 -std=gnu11 -g3 -DDEBUG -DUSE_HAL_DRIVER -DSTM32F103xB -c -I../Core/Inc -I../Drivers/STM32F1xx_HAL_Driver/Inc/Legacy -I../Drivers/STM32F1xx_HAL_Driver/Inc -I../Drivers/CMSIS/Device/ST/STM32F1xx/Include -I../Drivers/CMSIS/Include -O0 -ffunction-sections -fdata-sections -Wall -fstack-usage -fcyclomatic-complexity -MMD -MP -MF"Drivers/STM32F1xx_HAL_Driver/Src/stm32f1xx_hal_exti.d" -MT"Drivers/STM32F1xx_HAL_Driver/Src/stm32f1xx_hal_exti.o" --specs=nano.specs -mfloat-abi=soft -mthumb -o "Drivers/STM32F1xx_HAL_Driver/Src/stm32f1xx_hal_exti.o"
arm-none-eabi-gcc "../Drivers/STM32F1xx_HAL_Driver/Src/stm32f1xx_hal_flash.c" -mcpu=cortex-m3 -std=gnu11 -g3 -DDEBUG -DUSE_HAL_DRIVER -DSTM32F103xB -c -I../Core/Inc -I../Drivers/STM32F1xx_HAL_Driver/Inc/Legacy -I../Drivers/STM32F1xx_HAL_Driver/Inc -I../Drivers/CMSIS/Device/ST/STM32F1xx/Include -I../Drivers/CMSIS/Include -O0 -ffunction-sections -fdata-sections -Wall -fstack-usage -fcyclomatic-complexity -MMD -MP -MF"Drivers/STM32F1xx_HAL_Driver/Src/stm32f1xx_hal_flash.d" -MT"Drivers/STM32F1xx_HAL_Driver/Src/stm32f1xx_hal_flash.o" --specs=nano.specs -mfloat-abi=soft -mthumb -o "Drivers/STM32F1xx_HAL_Driver/Src/stm32f1xx_hal_flash.o"
arm-none-eabi-gcc "../Drivers/STM32F1xx_HAL_Driver/Src/stm32f1xx_hal_flash_ex.c" -mcpu=cortex-m3 -std=gnu11 -g3 -DDEBUG -DUSE_HAL_DRIVER -DSTM32F103xB -c -I../Core/Inc -I../Drivers/STM32F1xx_HAL_Driver/Inc/Legacy -I../Drivers/STM32F1xx_HAL_Driver/Inc -I../Drivers/CMSIS/Device/ST/STM32F1xx/Include -I../Drivers/CMSIS/Include -O0 -ffunction-sections -fdata-sections -Wall -fstack-usage -fcyclomatic-complexity -MMD -MP -MF"Drivers/STM32F1xx_HAL_Driver/Src/stm32f1xx_hal_flash_ex.d" -MT"Drivers/STM32F1xx_HAL_Driver/Src/stm32f1xx_hal_flash_ex.o" --specs=nano.specs -mfloat-abi=soft -mthumb -o "Drivers/STM32F1xx_HAL_Driver/Src/stm32f1xx_hal_flash_ex.o"
arm-none-eabi-gcc "../Drivers/STM32F1xx_HAL_Driver/Src/stm32f1xx_hal_gpio.c" -mcpu=cortex-m3 -std=gnu11 -g3 -DDEBUG -DUSE_HAL_DRIVER -DSTM32F103xB -c -I../Core/Inc -I../Drivers/STM32F1xx_HAL_Driver/Inc/Legacy -I../Drivers/STM32F1xx_HAL_Driver/Inc -I../Drivers/CMSIS/Device/ST/STM32F1xx/Include -I../Drivers/CMSIS/Include -O0 -ffunction-sections -fdata-sections -Wall -fstack-usage -fcyclomatic-complexity -MMD -MP -MF"Drivers/STM32F1xx_HAL_Driver/Src/stm32f1xx_hal_gpio.d" -MT"Drivers/STM32F1xx_HAL_Driver/Src/stm32f1xx_hal_gpio.o" --specs=nano.specs -mfloat-abi=soft -mthumb -o "Drivers/STM32F1xx_HAL_Driver/Src/stm32f1xx_hal_gpio.o"
arm-none-eabi-gcc "../Drivers/STM32F1xx_HAL_Driver/Src/stm32f1xx_hal_gpio_ex.c" -mcpu=cortex-m3 -std=gnu11 -g3 -DDEBUG -DUSE_HAL_DRIVER -DSTM32F103xB -c -I../Core/Inc -I../Drivers/STM32F1xx_HAL_Driver/Inc/Legacy -I../Drivers/STM32F1xx_HAL_Driver/Inc -I../Drivers/CMSIS/Device/ST/STM32F1xx/Include -I../Drivers/CMSIS/Include -O0 -ffunction-sections -fdata-sections -Wall -fstack-usage -fcyclomatic-complexity -MMD -MP -MF"Drivers/STM32F1xx_HAL_Driver/Src/stm32f1xx_hal_gpio_ex.d" -MT"Drivers/STM32F1xx_HAL_Driver/Src/stm32f1xx_hal_gpio_ex.o" --specs=nano.specs -mfloat-abi=soft -mthumb -o "Drivers/STM32F1xx_HAL_Driver/Src/stm32f1xx_hal_gpio_ex.o"
arm-none-eabi-gcc "../Drivers/STM32F1xx_HAL_Driver/Src/stm32f1xx_hal_pwr.c" -mcpu=cortex-m3 -std=gnu11 -g3 -DDEBUG -DUSE_HAL_DRIVER -DSTM32F103xB -c -I../Core/Inc -I../Drivers/STM32F1xx_HAL_Driver/Inc/Legacy -I../Drivers/STM32F1xx_HAL_Driver/Inc -I../Drivers/CMSIS/Device/ST/STM32F1xx/Include -I../Drivers/CMSIS/Include -O0 -ffunction-sections -fdata-sections -Wall -fstack-usage -fcyclomatic-complexity -MMD -MP -MF"Drivers/STM32F1xx_HAL_Driver/Src/stm32f1xx_hal_pwr.d" -MT"Drivers/STM32F1xx_HAL_Driver/Src/stm32f1xx_hal_pwr.o" --specs=nano.specs -mfloat-abi=soft -mthumb -o "Drivers/STM32F1xx_HAL_Driver/Src/stm32f1xx_hal_pwr.o"
arm-none-eabi-gcc "../Drivers/STM32F1xx_HAL_Driver/Src/stm32f1xx_hal_rcc.c" -mcpu=cortex-m3 -std=gnu11 -g3 -DDEBUG -DUSE_HAL_DRIVER -DSTM32F103xB -c -I../Core/Inc -I../Drivers/STM32F1xx_HAL_Driver/Inc/Legacy -I../Drivers/STM32F1xx_HAL_Driver/Inc -I../Drivers/CMSIS/Device/ST/STM32F1xx/Include -I../Drivers/CMSIS/Include -O0 -ffunction-sections -fdata-sections -Wall -fstack-usage -fcyclomatic-complexity -MMD -MP -MF"Drivers/STM32F1xx_HAL_Driver/Src/stm32f1xx_hal_rcc.d" -MT"Drivers/STM32F1xx_HAL_Driver/Src/stm32f1xx_hal_rcc.o" --specs=nano.specs -mfloat-abi=soft -mthumb -o "Drivers/STM32F1xx_HAL_Driver/Src/stm32f1xx_hal_rcc.o"
arm-none-eabi-gcc "../Drivers/STM32F1xx_HAL_Driver/Src/stm32f1xx_hal_rcc_ex.c" -mcpu=cortex-m3 -std=gnu11 -g3 -DDEBUG -DUSE_HAL_DRIVER -DSTM32F103xB -c -I../Core/Inc -I../Drivers/STM32F1xx_HAL_Driver/Inc/Legacy -I../Drivers/STM32F1xx_HAL_Driver/Inc -I../Drivers/CMSIS/Device/ST/STM32F1xx/Include -I../Drivers/CMSIS/Include -O0 -ffunction-sections -fdata-sections -Wall -fstack-usage -fcyclomatic-complexity -MMD -MP -MF"Drivers/STM32F1xx_HAL_Driver/Src/stm32f1xx_hal_rcc_ex.d" -MT"Drivers/STM32F1xx_HAL_Driver/Src/stm32f1xx_hal_rcc_ex.o" --specs=nano.specs -mfloat-abi=soft -mthumb -o "Drivers/STM32F1xx_HAL_Driver/Src/stm32f1xx_hal_rcc_ex.o"
arm-none-eabi-gcc -mcpu=cortex-m3 -g3 -DDEBUG -c -x assembler-with-cpp -MMD -MP -MF"Core/Startup/startup_stm32f103c8tx.d" -MT"Core/Startup/startup_stm32f103c8tx.o" --specs=nano.specs -mfloat-abi=soft -mthumb -o "Core/Startup/startup_stm32f103c8tx.o" "../Core/Startup/startup_stm32f103c8tx.s"
arm-none-eabi-gcc "../Core/Src/main.c" -mcpu=cortex-m3 -std=gnu11 -g3 -DDEBUG -DUSE_HAL_DRIVER -DSTM32F103xB -c -I../Core/Inc -I../Drivers/STM32F1xx_HAL_Driver/Inc/Legacy -I../Drivers/STM32F1xx_HAL_Driver/Inc -I../Drivers/CMSIS/Device/ST/STM32F1xx/Include -I../Drivers/CMSIS/Include -O0 -ffunction-sections -fdata-sections -Wall -fstack-usage -fcyclomatic-complexity -MMD -MP -MF"Core/Src/main.d" -MT"Core/Src/main.o" --specs=nano.specs -mfloat-abi=soft -mthumb -o "Core/Src/main.o"
arm-none-eabi-gcc "../Core/Src/stm32f1xx_hal_msp.c" -mcpu=cortex-m3 -std=gnu11 -g3 -DDEBUG -DUSE_HAL_DRIVER -DSTM32F103xB -c -I../Core/Inc -I../Drivers/STM32F1xx_HAL_Driver/Inc/Legacy -I../Drivers/STM32F1xx_HAL_Driver/Inc -I../Drivers/CMSIS/Device/ST/STM32F1xx/Include -I../Drivers/CMSIS/Include -O0 -ffunction-sections -fdata-sections -Wall -fstack-usage -fcyclomatic-complexity -MMD -MP -MF"Core/Src/stm32f1xx_hal_msp.d" -MT"Core/Src/stm32f1xx_hal_msp.o" --specs=nano.specs -mfloat-abi=soft -mthumb -o "Core/Src/stm32f1xx_hal_msp.o"
arm-none-eabi-gcc "../Core/Src/stm32f1xx_it.c" -mcpu=cortex-m3 -std=gnu11 -g3 -DDEBUG -DUSE_HAL_DRIVER -DSTM32F103xB -c -I../Core/Inc -I../Drivers/STM32F1xx_HAL_Driver/Inc/Legacy -I../Drivers/STM32F1xx_HAL_Driver/Inc -I../Drivers/CMSIS/Device/ST/STM32F1xx/Include -I../Drivers/CMSIS/Include -O0 -ffunction-sections -fdata-sections -Wall -fstack-usage -fcyclomatic-complexity -MMD -MP -MF"Core/Src/stm32f1xx_it.d" -MT"Core/Src/stm32f1xx_it.o" --specs=nano.specs -mfloat-abi=soft -mthumb -o "Core/Src/stm32f1xx_it.o"
arm-none-eabi-gcc "../Core/Src/syscalls.c" -mcpu=cortex-m3 -std=gnu11 -g3 -DDEBUG -DUSE_HAL_DRIVER -DSTM32F103xB -c -I../Core/Inc -I../Drivers/STM32F1xx_HAL_Driver/Inc/Legacy -I../Drivers/STM32F1xx_HAL_Driver/Inc -I../Drivers/CMSIS/Device/ST/STM32F1xx/Include -I../Drivers/CMSIS/Include -O0 -ffunction-sections -fdata-sections -Wall -fstack-usage -fcyclomatic-complexity -MMD -MP -MF"Core/Src/syscalls.d" -MT"Core/Src/syscalls.o" --specs=nano.specs -mfloat-abi=soft -mthumb -o "Core/Src/syscalls.o"
arm-none-eabi-gcc "../Core/Src/sysmem.c" -mcpu=cortex-m3 -std=gnu11 -g3 -DDEBUG -DUSE_HAL_DRIVER -DSTM32F103xB -c -I../Core/Inc -I../Drivers/STM32F1xx_HAL_Driver/Inc/Legacy -I../Drivers/STM32F1xx_HAL_Driver/Inc -I../Drivers/CMSIS/Device/ST/STM32F1xx/Include -I../Drivers/CMSIS/Include -O0 -ffunction-sections -fdata-sections -Wall -fstack-usage -fcyclomatic-complexity -MMD -MP -MF"Core/Src/sysmem.d" -MT"Core/Src/sysmem.o" --specs=nano.specs -mfloat-abi=soft -mthumb -o "Core/Src/sysmem.o"
arm-none-eabi-gcc "../Core/Src/system_stm32f1xx.c" -mcpu=cortex-m3 -std=gnu11 -g3 -DDEBUG -DUSE_HAL_DRIVER -DSTM32F103xB -c -I../Core/Inc -I../Drivers/STM32F1xx_HAL_Driver/Inc/Legacy -I../Drivers/STM32F1xx_HAL_Driver/Inc -I../Drivers/CMSIS/Device/ST/STM32F1xx/Include -I../Drivers/CMSIS/Include -O0 -ffunction-sections -fdata-sections -Wall -fstack-usage -fcyclomatic-complexity -MMD -MP -MF"Core/Src/system_stm32f1xx.d" -MT"Core/Src/system_stm32f1xx.o" --specs=nano.specs -mfloat-abi=soft -mthumb -o "Core/Src/system_stm32f1xx.o"
arm-none-eabi-gcc -o "uart_test.elf" @"objects.list"   -mcpu=cortex-m3 -T"C:\Users\Good\Desktop\developer\uart_test\STM32F103C8TX_FLASH.ld" --specs=nosys.specs -Wl,-Map="uart_test.map" -Wl,--gc-sections -static --specs=nano.specs -mfloat-abi=soft -mthumb -Wl,--start-group -lc -lm -Wl,--end-group
Finished building target: uart_test.elf
 
arm-none-eabi-size  uart_test.elf 
arm-none-eabi-objdump -h -S uart_test.elf  > "uart_test.list"
   text	   data	    bss	    dec	    hex	filename
   4444	     12	   1572	   6028	   178c	uart_test.elf
Finished building: default.size.stdout
 
Finished building: uart_test.list
 
14:38:02 **** Incremental Build of configuration Debug for project uart_test ****
make -j6 all 
arm-none-eabi-size  uart_test.elf 
   text	   data	    bss	    dec	    hex	filename
   4444	     12	   1572	   6028	   178c	uart_test.elf
Finished building: default.size.stdout
 
14:58:16 **** Incremental Build of configuration Debug for project uart_test ****
make -j6 all 
arm-none-eabi-gcc "../Drivers/STM32F1xx_HAL_Driver/Src/stm32f1xx_hal.c" -mcpu=cortex-m3 -std=gnu11 -g3 -DDEBUG -DUSE_HAL_DRIVER -DSTM32F103xB -c -I../Core/Inc -I../Drivers/STM32F1xx_HAL_Driver/Inc/Legacy -I../Drivers/STM32F1xx_HAL_Driver/Inc -I../Drivers/CMSIS/Device/ST/STM32F1xx/Include -I../Drivers/CMSIS/Include -O0 -ffunction-sections -fdata-sections -Wall -fstack-usage -fcyclomatic-complexity -MMD -MP -MF"Drivers/STM32F1xx_HAL_Driver/Src/stm32f1xx_hal.d" -MT"Drivers/STM32F1xx_HAL_Driver/Src/stm32f1xx_hal.o" --specs=nano.specs -mfloat-abi=soft -mthumb -o "Drivers/STM32F1xx_HAL_Driver/Src/stm32f1xx_hal.o"
arm-none-eabi-gcc "../Drivers/STM32F1xx_HAL_Driver/Src/stm32f1xx_hal_cortex.c" -mcpu=cortex-m3 -std=gnu11 -g3 -DDEBUG -DUSE_HAL_DRIVER -DSTM32F103xB -c -I../Core/Inc -I../Drivers/STM32F1xx_HAL_Driver/Inc/Legacy -I../Drivers/STM32F1xx_HAL_Driver/Inc -I../Drivers/CMSIS/Device/ST/STM32F1xx/Include -I../Drivers/CMSIS/Include -O0 -ffunction-sections -fdata-sections -Wall -fstack-usage -fcyclomatic-complexity -MMD -MP -MF"Drivers/STM32F1xx_HAL_Driver/Src/stm32f1xx_hal_cortex.d" -MT"Drivers/STM32F1xx_HAL_Driver/Src/stm32f1xx_hal_cortex.o" --specs=nano.specs -mfloat-abi=soft -mthumb -o "Drivers/STM32F1xx_HAL_Driver/Src/stm32f1xx_hal_cortex.o"
arm-none-eabi-gcc "../Drivers/STM32F1xx_HAL_Driver/Src/stm32f1xx_hal_dma.c" -mcpu=cortex-m3 -std=gnu11 -g3 -DDEBUG -DUSE_HAL_DRIVER -DSTM32F103xB -c -I../Core/Inc -I../Drivers/STM32F1xx_HAL_Driver/Inc/Legacy -I../Drivers/STM32F1xx_HAL_Driver/Inc -I../Drivers/CMSIS/Device/ST/STM32F1xx/Include -I../Drivers/CMSIS/Include -O0 -ffunction-sections -fdata-sections -Wall -fstack-usage -fcyclomatic-complexity -MMD -MP -MF"Drivers/STM32F1xx_HAL_Driver/Src/stm32f1xx_hal_dma.d" -MT"Drivers/STM32F1xx_HAL_Driver/Src/stm32f1xx_hal_dma.o" --specs=nano.specs -mfloat-abi=soft -mthumb -o "Drivers/STM32F1xx_HAL_Driver/Src/stm32f1xx_hal_dma.o"
arm-none-eabi-gcc "../Drivers/STM32F1xx_HAL_Driver/Src/stm32f1xx_hal_exti.c" -mcpu=cortex-m3 -std=gnu11 -g3 -DDEBUG -DUSE_HAL_DRIVER -DSTM32F103xB -c -I../Core/Inc -I../Drivers/STM32F1xx_HAL_Driver/Inc/Legacy -I../Drivers/STM32F1xx_HAL_Driver/Inc -I../Drivers/CMSIS/Device/ST/STM32F1xx/Include -I../Drivers/CMSIS/Include -O0 -ffunction-sections -fdata-sections -Wall -fstack-usage -fcyclomatic-complexity -MMD -MP -MF"Drivers/STM32F1xx_HAL_Driver/Src/stm32f1xx_hal_exti.d" -MT"Drivers/STM32F1xx_HAL_Driver/Src/stm32f1xx_hal_exti.o" --specs=nano.specs -mfloat-abi=soft -mthumb -o "Drivers/STM32F1xx_HAL_Driver/Src/stm32f1xx_hal_exti.o"
arm-none-eabi-gcc "../Drivers/STM32F1xx_HAL_Driver/Src/stm32f1xx_hal_flash.c" -mcpu=cortex-m3 -std=gnu11 -g3 -DDEBUG -DUSE_HAL_DRIVER -DSTM32F103xB -c -I../Core/Inc -I../Drivers/STM32F1xx_HAL_Driver/Inc/Legacy -I../Drivers/STM32F1xx_HAL_Driver/Inc -I../Drivers/CMSIS/Device/ST/STM32F1xx/Include -I../Drivers/CMSIS/Include -O0 -ffunction-sections -fdata-sections -Wall -fstack-usage -fcyclomatic-complexity -MMD -MP -MF"Drivers/STM32F1xx_HAL_Driver/Src/stm32f1xx_hal_flash.d" -MT"Drivers/STM32F1xx_HAL_Driver/Src/stm32f1xx_hal_flash.o" --specs=nano.specs -mfloat-abi=soft -mthumb -o "Drivers/STM32F1xx_HAL_Driver/Src/stm32f1xx_hal_flash.o"
arm-none-eabi-gcc "../Drivers/STM32F1xx_HAL_Driver/Src/stm32f1xx_hal_flash_ex.c" -mcpu=cortex-m3 -std=gnu11 -g3 -DDEBUG -DUSE_HAL_DRIVER -DSTM32F103xB -c -I../Core/Inc -I../Drivers/STM32F1xx_HAL_Driver/Inc/Legacy -I../Drivers/STM32F1xx_HAL_Driver/Inc -I../Drivers/CMSIS/Device/ST/STM32F1xx/Include -I../Drivers/CMSIS/Include -O0 -ffunction-sections -fdata-sections -Wall -fstack-usage -fcyclomatic-complexity -MMD -MP -MF"Drivers/STM32F1xx_HAL_Driver/Src/stm32f1xx_hal_flash_ex.d" -MT"Drivers/STM32F1xx_HAL_Driver/Src/stm32f1xx_hal_flash_ex.o" --specs=nano.specs -mfloat-abi=soft -mthumb -o "Drivers/STM32F1xx_HAL_Driver/Src/stm32f1xx_hal_flash_ex.o"
arm-none-eabi-gcc "../Drivers/STM32F1xx_HAL_Driver/Src/stm32f1xx_hal_gpio.c" -mcpu=cortex-m3 -std=gnu11 -g3 -DDEBUG -DUSE_HAL_DRIVER -DSTM32F103xB -c -I../Core/Inc -I../Drivers/STM32F1xx_HAL_Driver/Inc/Legacy -I../Drivers/STM32F1xx_HAL_Driver/Inc -I../Drivers/CMSIS/Device/ST/STM32F1xx/Include -I../Drivers/CMSIS/Include -O0 -ffunction-sections -fdata-sections -Wall -fstack-usage -fcyclomatic-complexity -MMD -MP -MF"Drivers/STM32F1xx_HAL_Driver/Src/stm32f1xx_hal_gpio.d" -MT"Drivers/STM32F1xx_HAL_Driver/Src/stm32f1xx_hal_gpio.o" --specs=nano.specs -mfloat-abi=soft -mthumb -o "Drivers/STM32F1xx_HAL_Driver/Src/stm32f1xx_hal_gpio.o"
arm-none-eabi-gcc "../Drivers/STM32F1xx_HAL_Driver/Src/stm32f1xx_hal_gpio_ex.c" -mcpu=cortex-m3 -std=gnu11 -g3 -DDEBUG -DUSE_HAL_DRIVER -DSTM32F103xB -c -I../Core/Inc -I../Drivers/STM32F1xx_HAL_Driver/Inc/Legacy -I../Drivers/STM32F1xx_HAL_Driver/Inc -I../Drivers/CMSIS/Device/ST/STM32F1xx/Include -I../Drivers/CMSIS/Include -O0 -ffunction-sections -fdata-sections -Wall -fstack-usage -fcyclomatic-complexity -MMD -MP -MF"Drivers/STM32F1xx_HAL_Driver/Src/stm32f1xx_hal_gpio_ex.d" -MT"Drivers/STM32F1xx_HAL_Driver/Src/stm32f1xx_hal_gpio_ex.o" --specs=nano.specs -mfloat-abi=soft -mthumb -o "Drivers/STM32F1xx_HAL_Driver/Src/stm32f1xx_hal_gpio_ex.o"
arm-none-eabi-gcc "../Drivers/STM32F1xx_HAL_Driver/Src/stm32f1xx_hal_pwr.c" -mcpu=cortex-m3 -std=gnu11 -g3 -DDEBUG -DUSE_HAL_DRIVER -DSTM32F103xB -c -I../Core/Inc -I../Drivers/STM32F1xx_HAL_Driver/Inc/Legacy -I../Drivers/STM32F1xx_HAL_Driver/Inc -I../Drivers/CMSIS/Device/ST/STM32F1xx/Include -I../Drivers/CMSIS/Include -O0 -ffunction-sections -fdata-sections -Wall -fstack-usage -fcyclomatic-complexity -MMD -MP -MF"Drivers/STM32F1xx_HAL_Driver/Src/stm32f1xx_hal_pwr.d" -MT"Drivers/STM32F1xx_HAL_Driver/Src/stm32f1xx_hal_pwr.o" --specs=nano.specs -mfloat-abi=soft -mthumb -o "Drivers/STM32F1xx_HAL_Driver/Src/stm32f1xx_hal_pwr.o"
arm-none-eabi-gcc "../Drivers/STM32F1xx_HAL_Driver/Src/stm32f1xx_hal_rcc.c" -mcpu=cortex-m3 -std=gnu11 -g3 -DDEBUG -DUSE_HAL_DRIVER -DSTM32F103xB -c -I../Core/Inc -I../Drivers/STM32F1xx_HAL_Driver/Inc/Legacy -I../Drivers/STM32F1xx_HAL_Driver/Inc -I../Drivers/CMSIS/Device/ST/STM32F1xx/Include -I../Drivers/CMSIS/Include -O0 -ffunction-sections -fdata-sections -Wall -fstack-usage -fcyclomatic-complexity -MMD -MP -MF"Drivers/STM32F1xx_HAL_Driver/Src/stm32f1xx_hal_rcc.d" -MT"Drivers/STM32F1xx_HAL_Driver/Src/stm32f1xx_hal_rcc.o" --specs=nano.specs -mfloat-abi=soft -mthumb -o "Drivers/STM32F1xx_HAL_Driver/Src/stm32f1xx_hal_rcc.o"
arm-none-eabi-gcc "../Drivers/STM32F1xx_HAL_Driver/Src/stm32f1xx_hal_rcc_ex.c" -mcpu=cortex-m3 -std=gnu11 -g3 -DDEBUG -DUSE_HAL_DRIVER -DSTM32F103xB -c -I../Core/Inc -I../Drivers/STM32F1xx_HAL_Driver/Inc/Legacy -I../Drivers/STM32F1xx_HAL_Driver/Inc -I../Drivers/CMSIS/Device/ST/STM32F1xx/Include -I../Drivers/CMSIS/Include -O0 -ffunction-sections -fdata-sections -Wall -fstack-usage -fcyclomatic-complexity -MMD -MP -MF"Drivers/STM32F1xx_HAL_Driver/Src/stm32f1xx_hal_rcc_ex.d" -MT"Drivers/STM32F1xx_HAL_Driver/Src/stm32f1xx_hal_rcc_ex.o" --specs=nano.specs -mfloat-abi=soft -mthumb -o "Drivers/STM32F1xx_HAL_Driver/Src/stm32f1xx_hal_rcc_ex.o"
arm-none-eabi-gcc "../Drivers/STM32F1xx_HAL_Driver/Src/stm32f1xx_hal_uart.c" -mcpu=cortex-m3 -std=gnu11 -g3 -DDEBUG -DUSE_HAL_DRIVER -DSTM32F103xB -c -I../Core/Inc -I../Drivers/STM32F1xx_HAL_Driver/Inc/Legacy -I../Drivers/STM32F1xx_HAL_Driver/Inc -I../Drivers/CMSIS/Device/ST/STM32F1xx/Include -I../Drivers/CMSIS/Include -O0 -ffunction-sections -fdata-sections -Wall -fstack-usage -fcyclomatic-complexity -MMD -MP -MF"Drivers/STM32F1xx_HAL_Driver/Src/stm32f1xx_hal_uart.d" -MT"Drivers/STM32F1xx_HAL_Driver/Src/stm32f1xx_hal_uart.o" --specs=nano.specs -mfloat-abi=soft -mthumb -o "Drivers/STM32F1xx_HAL_Driver/Src/stm32f1xx_hal_uart.o"
arm-none-eabi-gcc "../Core/Src/main.c" -mcpu=cortex-m3 -std=gnu11 -g3 -DDEBUG -DUSE_HAL_DRIVER -DSTM32F103xB -c -I../Core/Inc -I../Drivers/STM32F1xx_HAL_Driver/Inc/Legacy -I../Drivers/STM32F1xx_HAL_Driver/Inc -I../Drivers/CMSIS/Device/ST/STM32F1xx/Include -I../Drivers/CMSIS/Include -O0 -ffunction-sections -fdata-sections -Wall -fstack-usage -fcyclomatic-complexity -MMD -MP -MF"Core/Src/main.d" -MT"Core/Src/main.o" --specs=nano.specs -mfloat-abi=soft -mthumb -o "Core/Src/main.o"
arm-none-eabi-gcc "../Core/Src/stm32f1xx_hal_msp.c" -mcpu=cortex-m3 -std=gnu11 -g3 -DDEBUG -DUSE_HAL_DRIVER -DSTM32F103xB -c -I../Core/Inc -I../Drivers/STM32F1xx_HAL_Driver/Inc/Legacy -I../Drivers/STM32F1xx_HAL_Driver/Inc -I../Drivers/CMSIS/Device/ST/STM32F1xx/Include -I../Drivers/CMSIS/Include -O0 -ffunction-sections -fdata-sections -Wall -fstack-usage -fcyclomatic-complexity -MMD -MP -MF"Core/Src/stm32f1xx_hal_msp.d" -MT"Core/Src/stm32f1xx_hal_msp.o" --specs=nano.specs -mfloat-abi=soft -mthumb -o "Core/Src/stm32f1xx_hal_msp.o"
arm-none-eabi-gcc "../Core/Src/stm32f1xx_it.c" -mcpu=cortex-m3 -std=gnu11 -g3 -DDEBUG -DUSE_HAL_DRIVER -DSTM32F103xB -c -I../Core/Inc -I../Drivers/STM32F1xx_HAL_Driver/Inc/Legacy -I../Drivers/STM32F1xx_HAL_Driver/Inc -I../Drivers/CMSIS/Device/ST/STM32F1xx/Include -I../Drivers/CMSIS/Include -O0 -ffunction-sections -fdata-sections -Wall -fstack-usage -fcyclomatic-complexity -MMD -MP -MF"Core/Src/stm32f1xx_it.d" -MT"Core/Src/stm32f1xx_it.o" --specs=nano.specs -mfloat-abi=soft -mthumb -o "Core/Src/stm32f1xx_it.o"
arm-none-eabi-gcc "../Core/Src/system_stm32f1xx.c" -mcpu=cortex-m3 -std=gnu11 -g3 -DDEBUG -DUSE_HAL_DRIVER -DSTM32F103xB -c -I../Core/Inc -I../Drivers/STM32F1xx_HAL_Driver/Inc/Legacy -I../Drivers/STM32F1xx_HAL_Driver/Inc -I../Drivers/CMSIS/Device/ST/STM32F1xx/Include -I../Drivers/CMSIS/Include -O0 -ffunction-sections -fdata-sections -Wall -fstack-usage -fcyclomatic-complexity -MMD -MP -MF"Core/Src/system_stm32f1xx.d" -MT"Core/Src/system_stm32f1xx.o" --specs=nano.specs -mfloat-abi=soft -mthumb -o "Core/Src/system_stm32f1xx.o"
../Core/Src/main.c: In function 'main':
../Core/Src/main.c:100:47: error: 'seddata' undeclared (first use in this function); did you mean 'senddata'?
  100 |     HAL_UART_Transmit(&huart1,senddata,sizeof(seddata),1000);
      |                                               ^~~~~~~
      |                                               senddata
../Core/Src/main.c:100:47: note: each undeclared identifier is reported only once for each function it appears in
../Core/Src/main.c:100:31: warning: pointer targets in passing argument 2 of 'HAL_UART_Transmit' differ in signedness [-Wpointer-sign]
  100 |     HAL_UART_Transmit(&huart1,senddata,sizeof(seddata),1000);
      |                               ^~~~~~~~
      |                               |
      |                               char *
In file included from ../Core/Inc/stm32f1xx_hal_conf.h:338,
                 from ../Drivers/STM32F1xx_HAL_Driver/Inc/stm32f1xx_hal.h:29,
                 from ../Core/Inc/main.h:30,
                 from ../Core/Src/main.c:20:
../Drivers/STM32F1xx_HAL_Driver/Inc/stm32f1xx_hal_uart.h:749:79: note: expected 'const uint8_t *' {aka 'const unsigned char *'} but argument is of type 'char *'
  749 | HAL_StatusTypeDef HAL_UART_Transmit(UART_HandleTypeDef *huart, const uint8_t *pData, uint16_t Size, uint32_t Timeout);
      |                                                                ~~~~~~~~~~~~~~~^~~~~
make: *** [Core/Src/subdir.mk:34: Core/Src/main.o] Error 1
make: *** Waiting for unfinished jobs....
"make -j6 all" terminated with exit code 2. Build might be incomplete.
14:58:57 **** Incremental Build of configuration Debug for project uart_test ****
make -j6 all 
arm-none-eabi-gcc "../Core/Src/main.c" -mcpu=cortex-m3 -std=gnu11 -g3 -DDEBUG -DUSE_HAL_DRIVER -DSTM32F103xB -c -I../Core/Inc -I../Drivers/STM32F1xx_HAL_Driver/Inc/Legacy -I../Drivers/STM32F1xx_HAL_Driver/Inc -I../Drivers/CMSIS/Device/ST/STM32F1xx/Include -I../Drivers/CMSIS/Include -O0 -ffunction-sections -fdata-sections -Wall -fstack-usage -fcyclomatic-complexity -MMD -MP -MF"Core/Src/main.d" -MT"Core/Src/main.o" --specs=nano.specs -mfloat-abi=soft -mthumb -o "Core/Src/main.o"
../Core/Src/main.c: In function 'main':
../Core/Src/main.c:100:31: warning: pointer targets in passing argument 2 of 'HAL_UART_Transmit' differ in signedness [-Wpointer-sign]
  100 |     HAL_UART_Transmit(&huart1,senddata,sizeof(senddata),1000);
      |                               ^~~~~~~~
      |                               |
      |                               char *
In file included from ../Core/Inc/stm32f1xx_hal_conf.h:338,
                 from ../Drivers/STM32F1xx_HAL_Driver/Inc/stm32f1xx_hal.h:29,
                 from ../Core/Inc/main.h:30,
                 from ../Core/Src/main.c:20:
../Drivers/STM32F1xx_HAL_Driver/Inc/stm32f1xx_hal_uart.h:749:79: note: expected 'const uint8_t *' {aka 'const unsigned char *'} but argument is of type 'char *'
  749 | HAL_StatusTypeDef HAL_UART_Transmit(UART_HandleTypeDef *huart, const uint8_t *pData, uint16_t Size, uint32_t Timeout);
      |                                                                ~~~~~~~~~~~~~~~^~~~~
arm-none-eabi-gcc -o "uart_test.elf" @"objects.list"   -mcpu=cortex-m3 -T"C:\Users\Good\Desktop\developer\uart_test\STM32F103C8TX_FLASH.ld" --specs=nosys.specs -Wl,-Map="uart_test.map" -Wl,--gc-sections -static --specs=nano.specs -mfloat-abi=soft -mthumb -Wl,--start-group -lc -lm -Wl,--end-group
Finished building target: uart_test.elf
 
arm-none-eabi-size  uart_test.elf 
arm-none-eabi-objdump -h -S uart_test.elf  > "uart_test.list"
   text	   data	    bss	    dec	    hex	filename
   6064	     12	   1644	   7720	   1e28	uart_test.elf
Finished building: default.size.stdout
 
Finished building: uart_test.list
 
15:37:37 **** Build of configuration Debug for project uart_test ****
make -j6 all 
arm-none-eabi-gcc "../Core/Src/main.c" -mcpu=cortex-m3 -std=gnu11 -g3 -DDEBUG -DUSE_HAL_DRIVER -DSTM32F103xB -c -I../Core/Inc -I../Drivers/STM32F1xx_HAL_Driver/Inc/Legacy -I../Drivers/STM32F1xx_HAL_Driver/Inc -I../Drivers/CMSIS/Device/ST/STM32F1xx/Include -I../Drivers/CMSIS/Include -O0 -ffunction-sections -fdata-sections -Wall -fstack-usage -fcyclomatic-complexity -MMD -MP -MF"Core/Src/main.d" -MT"Core/Src/main.o" --specs=nano.specs -mfloat-abi=soft -mthumb -o "Core/Src/main.o"
../Core/Src/main.c: In function 'main':
../Core/Src/main.c:100:11: warning: implicit declaration of function 'printf' [-Wimplicit-function-declaration]
  100 |           printf("hello world man~~~\r\n");
      |           ^~~~~~
../Core/Src/main.c:21:1: note: include '<stdio.h>' or provide a declaration of 'printf'
   20 | #include "main.h"
  +++ |+#include <stdio.h>
   21 | 
../Core/Src/main.c:100:11: warning: incompatible implicit declaration of built-in function 'printf' [-Wbuiltin-declaration-mismatch]
  100 |           printf("hello world man~~~\r\n");
      |           ^~~~~~
../Core/Src/main.c:100:11: note: include '<stdio.h>' or provide a declaration of 'printf'
../Core/Src/main.c:101:37: warning: pointer targets in passing argument 2 of 'HAL_UART_Transmit' differ in signedness [-Wpointer-sign]
  101 |           HAL_UART_Transmit(&huart1,senddata,sizeof(senddata),1000);
      |                                     ^~~~~~~~
      |                                     |
      |                                     char *
In file included from ../Core/Inc/stm32f1xx_hal_conf.h:338,
                 from ../Drivers/STM32F1xx_HAL_Driver/Inc/stm32f1xx_hal.h:29,
                 from ../Core/Inc/main.h:30,
                 from ../Core/Src/main.c:20:
../Drivers/STM32F1xx_HAL_Driver/Inc/stm32f1xx_hal_uart.h:749:79: note: expected 'const uint8_t *' {aka 'const unsigned char *'} but argument is of type 'char *'
  749 | HAL_StatusTypeDef HAL_UART_Transmit(UART_HandleTypeDef *huart, const uint8_t *pData, uint16_t Size, uint32_t Timeout);
      |                                                                ~~~~~~~~~~~~~~~^~~~~
arm-none-eabi-gcc -o "uart_test.elf" @"objects.list"   -mcpu=cortex-m3 -T"C:\Users\Good\Desktop\developer\uart_test\STM32F103C8TX_FLASH.ld" --specs=nosys.specs -Wl,-Map="uart_test.map" -Wl,--gc-sections -static --specs=nano.specs -mfloat-abi=soft -mthumb -Wl,--start-group -lc -lm -Wl,--end-group
Finished building target: uart_test.elf
 
arm-none-eabi-size  uart_test.elf 
arm-none-eabi-objdump -h -S uart_test.elf  > "uart_test.list"
   text	   data	    bss	    dec	    hex	filename
   8708	    104	   1976	  10788	   2a24	uart_test.elf
Finished building: default.size.stdout
 
Finished building: uart_test.list
 
15:39:41 **** Incremental Build of configuration Debug for project uart_test ****
make -j6 all 
arm-none-eabi-size  uart_test.elf 
   text	   data	    bss	    dec	    hex	filename
   8708	    104	   1976	  10788	   2a24	uart_test.elf
Finished building: default.size.stdout
 
15:43:49 **** Incremental Build of configuration Debug for project uart_test ****
make -j6 all 
arm-none-eabi-gcc "../Core/Src/main.c" -mcpu=cortex-m3 -std=gnu11 -g3 -DDEBUG -DUSE_HAL_DRIVER -DSTM32F103xB -c -I../Core/Inc -I../Drivers/STM32F1xx_HAL_Driver/Inc/Legacy -I../Drivers/STM32F1xx_HAL_Driver/Inc -I../Drivers/CMSIS/Device/ST/STM32F1xx/Include -I../Drivers/CMSIS/Include -O0 -ffunction-sections -fdata-sections -Wall -fstack-usage -fcyclomatic-complexity -MMD -MP -MF"Core/Src/main.d" -MT"Core/Src/main.o" --specs=nano.specs -mfloat-abi=soft -mthumb -o "Core/Src/main.o"
../Core/Src/main.c: In function 'main':
../Core/Src/main.c:103:11: warning: implicit declaration of function 'printf' [-Wimplicit-function-declaration]
  103 |           printf("hello world man~~~\r\n");
      |           ^~~~~~
../Core/Src/main.c:21:1: note: include '<stdio.h>' or provide a declaration of 'printf'
   20 | #include "main.h"
  +++ |+#include <stdio.h>
   21 | 
../Core/Src/main.c:103:11: warning: incompatible implicit declaration of built-in function 'printf' [-Wbuiltin-declaration-mismatch]
  103 |           printf("hello world man~~~\r\n");
      |           ^~~~~~
../Core/Src/main.c:103:11: note: include '<stdio.h>' or provide a declaration of 'printf'
../Core/Src/main.c:96:8: warning: unused variable 'senddata' [-Wunused-variable]
   96 |   char senddata[20] = "hello world\r\n";
      |        ^~~~~~~~
arm-none-eabi-gcc -o "uart_test.elf" @"objects.list"   -mcpu=cortex-m3 -T"C:\Users\Good\Desktop\developer\uart_test\STM32F103C8TX_FLASH.ld" --specs=nosys.specs -Wl,-Map="uart_test.map" -Wl,--gc-sections -static --specs=nano.specs -mfloat-abi=soft -mthumb -Wl,--start-group -lc -lm -Wl,--end-group
Finished building target: uart_test.elf
 
arm-none-eabi-size  uart_test.elf 
arm-none-eabi-objdump -h -S uart_test.elf  > "uart_test.list"
   text	   data	    bss	    dec	    hex	filename
   8676	    104	   1976	  10756	   2a04	uart_test.elf
Finished building: default.size.stdout
 
Finished building: uart_test.list
 
17:50:25 **** Incremental Build of configuration Debug for project uart_test ****
make -j6 all 
arm-none-eabi-gcc "../Core/Src/main.c" -mcpu=cortex-m3 -std=gnu11 -g3 -DDEBUG -DUSE_HAL_DRIVER -DSTM32F103xB -c -I../Core/Inc -I../Drivers/STM32F1xx_HAL_Driver/Inc/Legacy -I../Drivers/STM32F1xx_HAL_Driver/Inc -I../Drivers/CMSIS/Device/ST/STM32F1xx/Include -I../Drivers/CMSIS/Include -O0 -ffunction-sections -fdata-sections -Wall -fstack-usage -fcyclomatic-complexity -MMD -MP -MF"Core/Src/main.d" -MT"Core/Src/main.o" --specs=nano.specs -mfloat-abi=soft -mthumb -o "Core/Src/main.o"
arm-none-eabi-gcc "../Core/Src/stm32f1xx_hal_msp.c" -mcpu=cortex-m3 -std=gnu11 -g3 -DDEBUG -DUSE_HAL_DRIVER -DSTM32F103xB -c -I../Core/Inc -I../Drivers/STM32F1xx_HAL_Driver/Inc/Legacy -I../Drivers/STM32F1xx_HAL_Driver/Inc -I../Drivers/CMSIS/Device/ST/STM32F1xx/Include -I../Drivers/CMSIS/Include -O0 -ffunction-sections -fdata-sections -Wall -fstack-usage -fcyclomatic-complexity -MMD -MP -MF"Core/Src/stm32f1xx_hal_msp.d" -MT"Core/Src/stm32f1xx_hal_msp.o" --specs=nano.specs -mfloat-abi=soft -mthumb -o "Core/Src/stm32f1xx_hal_msp.o"
arm-none-eabi-gcc "../Core/Src/stm32f1xx_it.c" -mcpu=cortex-m3 -std=gnu11 -g3 -DDEBUG -DUSE_HAL_DRIVER -DSTM32F103xB -c -I../Core/Inc -I../Drivers/STM32F1xx_HAL_Driver/Inc/Legacy -I../Drivers/STM32F1xx_HAL_Driver/Inc -I../Drivers/CMSIS/Device/ST/STM32F1xx/Include -I../Drivers/CMSIS/Include -O0 -ffunction-sections -fdata-sections -Wall -fstack-usage -fcyclomatic-complexity -MMD -MP -MF"Core/Src/stm32f1xx_it.d" -MT"Core/Src/stm32f1xx_it.o" --specs=nano.specs -mfloat-abi=soft -mthumb -o "Core/Src/stm32f1xx_it.o"
../Core/Src/main.c: In function 'main':
../Core/Src/main.c:104:27: error: 'PB7_LED_GPIO_Portt' undeclared (first use in this function); did you mean 'PB7_LED_GPIO_Port'?
  104 |         HAL_GPIO_WritePin(PB7_LED_GPIO_Portt, PB7_LED_Pin, 1);
      |                           ^~~~~~~~~~~~~~~~~~
      |                           PB7_LED_GPIO_Port
../Core/Src/main.c:104:27: note: each undeclared identifier is reported only once for each function it appears in
../Core/Src/main.c:108:28: error: stray '`' in program
  108 |         HAL_Delay(1000);aq1`
      |                            ^
../Core/Src/main.c:108:25: error: 'aq1' undeclared (first use in this function)
  108 |         HAL_Delay(1000);aq1`
      |                         ^~~
../Core/Src/main.c:108:28: error: expected ';' before '}' token
  108 |         HAL_Delay(1000);aq1`
      |                            ^
      |                            ;
......
  115 |   }
      |   ~                         
../Core/Src/main.c:96:8: warning: unused variable 'senddata' [-Wunused-variable]
   96 |   char senddata[20] = "hello world\r\n";
      |        ^~~~~~~~
make: *** [Core/Src/subdir.mk:34: Core/Src/main.o] Error 1
make: *** Waiting for unfinished jobs....
"make -j6 all" terminated with exit code 2. Build might be incomplete.
17:51:34 **** Incremental Build of configuration Debug for project uart_test ****
make -j6 all 
arm-none-eabi-gcc "../Core/Src/main.c" -mcpu=cortex-m3 -std=gnu11 -g3 -DDEBUG -DUSE_HAL_DRIVER -DSTM32F103xB -c -I../Core/Inc -I../Drivers/STM32F1xx_HAL_Driver/Inc/Legacy -I../Drivers/STM32F1xx_HAL_Driver/Inc -I../Drivers/CMSIS/Device/ST/STM32F1xx/Include -I../Drivers/CMSIS/Include -O0 -ffunction-sections -fdata-sections -Wall -fstack-usage -fcyclomatic-complexity -MMD -MP -MF"Core/Src/main.d" -MT"Core/Src/main.o" --specs=nano.specs -mfloat-abi=soft -mthumb -o "Core/Src/main.o"
../Core/Src/main.c: In function 'main':
../Core/Src/main.c:107:27: error: 'PB7_LED_GPIO_Portt' undeclared (first use in this function); did you mean 'PB7_LED_GPIO_Port'?
  107 |         HAL_GPIO_WritePin(PB7_LED_GPIO_Portt, PB7_LED_Pin, 0);
      |                           ^~~~~~~~~~~~~~~~~~
      |                           PB7_LED_GPIO_Port
../Core/Src/main.c:107:27: note: each undeclared identifier is reported only once for each function it appears in
../Core/Src/main.c:96:8: warning: unused variable 'senddata' [-Wunused-variable]
   96 |   char senddata[20] = "hello world\r\n";
      |        ^~~~~~~~
make: *** [Core/Src/subdir.mk:34: Core/Src/main.o] Error 1
"make -j6 all" terminated with exit code 2. Build might be incomplete.
17:51:46 **** Incremental Build of configuration Debug for project uart_test ****
make -j6 all 
arm-none-eabi-gcc "../Core/Src/main.c" -mcpu=cortex-m3 -std=gnu11 -g3 -DDEBUG -DUSE_HAL_DRIVER -DSTM32F103xB -c -I../Core/Inc -I../Drivers/STM32F1xx_HAL_Driver/Inc/Legacy -I../Drivers/STM32F1xx_HAL_Driver/Inc -I../Drivers/CMSIS/Device/ST/STM32F1xx/Include -I../Drivers/CMSIS/Include -O0 -ffunction-sections -fdata-sections -Wall -fstack-usage -fcyclomatic-complexity -MMD -MP -MF"Core/Src/main.d" -MT"Core/Src/main.o" --specs=nano.specs -mfloat-abi=soft -mthumb -o "Core/Src/main.o"
../Core/Src/main.c: In function 'main':
../Core/Src/main.c:96:8: warning: unused variable 'senddata' [-Wunused-variable]
   96 |   char senddata[20] = "hello world\r\n";
      |        ^~~~~~~~
arm-none-eabi-gcc -o "uart_test.elf" @"objects.list"   -mcpu=cortex-m3 -T"C:\Users\Good\Desktop\developer\uart_test\STM32F103C8TX_FLASH.ld" --specs=nosys.specs -Wl,-Map="uart_test.map" -Wl,--gc-sections -static --specs=nano.specs -mfloat-abi=soft -mthumb -Wl,--start-group -lc -lm -Wl,--end-group
Finished building target: uart_test.elf
 
arm-none-eabi-size  uart_test.elf 
arm-none-eabi-objdump -h -S uart_test.elf  > "uart_test.list"
   text	   data	    bss	    dec	    hex	filename
   5512	     12	   1644	   7168	   1c00	uart_test.elf
Finished building: default.size.stdout
 
Finished building: uart_test.list
 
15:44:35 **** Build of configuration Debug for project uart_test ****
make -j6 all 
arm-none-eabi-gcc "../Core/Src/main.c" -mcpu=cortex-m3 -std=gnu11 -g3 -DDEBUG -DUSE_HAL_DRIVER -DSTM32F103xB -c -I../Core/Inc -I../Drivers/STM32F1xx_HAL_Driver/Inc/Legacy -I../Drivers/STM32F1xx_HAL_Driver/Inc -I../Drivers/CMSIS/Device/ST/STM32F1xx/Include -I../Drivers/CMSIS/Include -O0 -ffunction-sections -fdata-sections -Wall -fstack-usage -fcyclomatic-complexity -MMD -MP -MF"Core/Src/main.d" -MT"Core/Src/main.o" --specs=nano.specs -mfloat-abi=soft -mthumb -o "Core/Src/main.o"
arm-none-eabi-gcc "../Core/Src/stm32f1xx_hal_msp.c" -mcpu=cortex-m3 -std=gnu11 -g3 -DDEBUG -DUSE_HAL_DRIVER -DSTM32F103xB -c -I../Core/Inc -I../Drivers/STM32F1xx_HAL_Driver/Inc/Legacy -I../Drivers/STM32F1xx_HAL_Driver/Inc -I../Drivers/CMSIS/Device/ST/STM32F1xx/Include -I../Drivers/CMSIS/Include -O0 -ffunction-sections -fdata-sections -Wall -fstack-usage -fcyclomatic-complexity -MMD -MP -MF"Core/Src/stm32f1xx_hal_msp.d" -MT"Core/Src/stm32f1xx_hal_msp.o" --specs=nano.specs -mfloat-abi=soft -mthumb -o "Core/Src/stm32f1xx_hal_msp.o"
arm-none-eabi-gcc "../Core/Src/stm32f1xx_it.c" -mcpu=cortex-m3 -std=gnu11 -g3 -DDEBUG -DUSE_HAL_DRIVER -DSTM32F103xB -c -I../Core/Inc -I../Drivers/STM32F1xx_HAL_Driver/Inc/Legacy -I../Drivers/STM32F1xx_HAL_Driver/Inc -I../Drivers/CMSIS/Device/ST/STM32F1xx/Include -I../Drivers/CMSIS/Include -O0 -ffunction-sections -fdata-sections -Wall -fstack-usage -fcyclomatic-complexity -MMD -MP -MF"Core/Src/stm32f1xx_it.d" -MT"Core/Src/stm32f1xx_it.o" --specs=nano.specs -mfloat-abi=soft -mthumb -o "Core/Src/stm32f1xx_it.o"
../Core/Src/main.c: In function 'main':
../Core/Src/main.c:113:10: warning: implicit declaration of function 'HAL_delay'; did you mean 'HAL_Delay'? [-Wimplicit-function-declaration]
  113 |          HAL_delay(500);
      |          ^~~~~~~~~
      |          HAL_Delay
../Core/Src/main.c:96:8: warning: unused variable 'senddata' [-Wunused-variable]
   96 |   char senddata[20] = "hello world\r\n";
      |        ^~~~~~~~
arm-none-eabi-gcc -o "uart_test.elf" @"objects.list"   -mcpu=cortex-m3 -T"C:\Users\Good\Desktop\developer\uart_test\STM32F103C8TX_FLASH.ld" --specs=nosys.specs -Wl,-Map="uart_test.map" -Wl,--gc-sections -static --specs=nano.specs -mfloat-abi=soft -mthumb -Wl,--start-group -lc -lm -Wl,--end-group
C:/ST/STM32CubeIDE_1.17.0/STM32CubeIDE/plugins/com.st.stm32cube.ide.mcu.externaltools.gnu-tools-for-stm32.12.3.rel1.win32_1.1.0.202410251130/tools/bin/../lib/gcc/arm-none-eabi/12.3.1/../../../../arm-none-eabi/bin/ld.exe: ./Core/Src/main.o: in function `main':
C:/Users/Good/Desktop/developer/uart_test/Debug/../Core/Src/main.c:113: undefined reference to `HAL_delay'
collect2.exe: error: ld returned 1 exit status
make: *** [makefile:64: uart_test.elf] Error 1
"make -j6 all" terminated with exit code 2. Build might be incomplete.
15:44:57 **** Incremental Build of configuration Debug for project uart_test ****
make -j6 all 
arm-none-eabi-gcc "../Core/Src/main.c" -mcpu=cortex-m3 -std=gnu11 -g3 -DDEBUG -DUSE_HAL_DRIVER -DSTM32F103xB -c -I../Core/Inc -I../Drivers/STM32F1xx_HAL_Driver/Inc/Legacy -I../Drivers/STM32F1xx_HAL_Driver/Inc -I../Drivers/CMSIS/Device/ST/STM32F1xx/Include -I../Drivers/CMSIS/Include -O0 -ffunction-sections -fdata-sections -Wall -fstack-usage -fcyclomatic-complexity -MMD -MP -MF"Core/Src/main.d" -MT"Core/Src/main.o" --specs=nano.specs -mfloat-abi=soft -mthumb -o "Core/Src/main.o"
../Core/Src/main.c: In function 'main':
../Core/Src/main.c:112:10: warning: implicit declaration of function 'HAL_delay'; did you mean 'HAL_Delay'? [-Wimplicit-function-declaration]
  112 |          HAL_delay(500);
      |          ^~~~~~~~~
      |          HAL_Delay
arm-none-eabi-gcc -o "uart_test.elf" @"objects.list"   -mcpu=cortex-m3 -T"C:\Users\Good\Desktop\developer\uart_test\STM32F103C8TX_FLASH.ld" --specs=nosys.specs -Wl,-Map="uart_test.map" -Wl,--gc-sections -static --specs=nano.specs -mfloat-abi=soft -mthumb -Wl,--start-group -lc -lm -Wl,--end-group
C:/ST/STM32CubeIDE_1.17.0/STM32CubeIDE/plugins/com.st.stm32cube.ide.mcu.externaltools.gnu-tools-for-stm32.12.3.rel1.win32_1.1.0.202410251130/tools/bin/../lib/gcc/arm-none-eabi/12.3.1/../../../../arm-none-eabi/bin/ld.exe: ./Core/Src/main.o: in function `main':
C:/Users/Good/Desktop/developer/uart_test/Debug/../Core/Src/main.c:112: undefined reference to `HAL_delay'
collect2.exe: error: ld returned 1 exit status
make: *** [makefile:64: uart_test.elf] Error 1
"make -j6 all" terminated with exit code 2. Build might be incomplete.
15:45:18 **** Incremental Build of configuration Debug for project uart_test ****
make -j6 all 
arm-none-eabi-gcc "../Core/Src/main.c" -mcpu=cortex-m3 -std=gnu11 -g3 -DDEBUG -DUSE_HAL_DRIVER -DSTM32F103xB -c -I../Core/Inc -I../Drivers/STM32F1xx_HAL_Driver/Inc/Legacy -I../Drivers/STM32F1xx_HAL_Driver/Inc -I../Drivers/CMSIS/Device/ST/STM32F1xx/Include -I../Drivers/CMSIS/Include -O0 -ffunction-sections -fdata-sections -Wall -fstack-usage -fcyclomatic-complexity -MMD -MP -MF"Core/Src/main.d" -MT"Core/Src/main.o" --specs=nano.specs -mfloat-abi=soft -mthumb -o "Core/Src/main.o"
arm-none-eabi-gcc -o "uart_test.elf" @"objects.list"   -mcpu=cortex-m3 -T"C:\Users\Good\Desktop\developer\uart_test\STM32F103C8TX_FLASH.ld" --specs=nosys.specs -Wl,-Map="uart_test.map" -Wl,--gc-sections -static --specs=nano.specs -mfloat-abi=soft -mthumb -Wl,--start-group -lc -lm -Wl,--end-group
Finished building target: uart_test.elf
 
arm-none-eabi-size  uart_test.elf 
arm-none-eabi-objdump -h -S uart_test.elf  > "uart_test.list"
   text	   data	    bss	    dec	    hex	filename
   5496	     12	   1644	   7152	   1bf0	uart_test.elf
Finished building: default.size.stdout
 
Finished building: uart_test.list
 
16:12:32 **** Incremental Build of configuration Debug for project uart_test ****
make -j6 all 
arm-none-eabi-size  uart_test.elf 
   text	   data	    bss	    dec	    hex	filename
   5496	     12	   1644	   7152	   1bf0	uart_test.elf
Finished building: default.size.stdout
 
16:13:49 **** Incremental Build of configuration Debug for project uart_test ****
make -j6 all 
arm-none-eabi-size  uart_test.elf 
   text	   data	    bss	    dec	    hex	filename
   5496	     12	   1644	   7152	   1bf0	uart_test.elf
Finished building: default.size.stdout
 
16:14:04 **** Incremental Build of configuration Debug for project uart_test ****
make -j6 all 
arm-none-eabi-size  uart_test.elf 
   text	   data	    bss	    dec	    hex	filename
   5496	     12	   1644	   7152	   1bf0	uart_test.elf
Finished building: default.size.stdout
 
16:14:30 **** Incremental Build of configuration Debug for project uart_test ****
make -j6 all 
arm-none-eabi-size  uart_test.elf 
   text	   data	    bss	    dec	    hex	filename
   5496	     12	   1644	   7152	   1bf0	uart_test.elf
Finished building: default.size.stdout
 
16:15:06 **** Incremental Build of configuration Debug for project uart_test ****
make -j6 all 
arm-none-eabi-size  uart_test.elf 
   text	   data	    bss	    dec	    hex	filename
   5496	     12	   1644	   7152	   1bf0	uart_test.elf
Finished building: default.size.stdout
 
16:16:37 **** Incremental Build of configuration Debug for project uart_test ****
make -j6 all 
arm-none-eabi-size  uart_test.elf 
   text	   data	    bss	    dec	    hex	filename
   5496	     12	   1644	   7152	   1bf0	uart_test.elf
Finished building: default.size.stdout
 
16:51:15 **** Incremental Build of configuration Debug for project uart_test ****
make -j6 all 
arm-none-eabi-size  uart_test.elf 
   text	   data	    bss	    dec	    hex	filename
   5496	     12	   1644	   7152	   1bf0	uart_test.elf
Finished building: default.size.stdout
 
17:01:00 **** Incremental Build of configuration Debug for project uart_test ****
make -j6 all 
arm-none-eabi-gcc -o "uart_test.elf" @"objects.list"   -mcpu=cortex-m3 -T"C:\Users\Good\Desktop\developer\uart_test\STM32F103C8TX_FLASH.ld" --specs=nosys.specs -Wl,-Map="uart_test.map" -Wl,--gc-sections -static --specs=nano.specs -mfloat-abi=soft -mthumb -Wl,--start-group -lc -lm -Wl,--end-group
Finished building target: uart_test.elf
 
arm-none-eabi-size  uart_test.elf 
arm-none-eabi-objdump -h -S uart_test.elf  > "uart_test.list"
   text	   data	    bss	    dec	    hex	filename
   5496	     12	   1644	   7152	   1bf0	uart_test.elf
Finished building: default.size.stdout
 
Finished building: uart_test.list
 
17:06:54 **** Build of configuration Debug for project test_1 ****
make -j6 all 
arm-none-eabi-gcc "../Drivers/STM32F1xx_HAL_Driver/Src/stm32f1xx_hal.c" -mcpu=cortex-m3 -std=gnu11 -g3 -DDEBUG -DUSE_HAL_DRIVER -DSTM32F103xB -c -I../Core/Inc -I../Drivers/STM32F1xx_HAL_Driver/Inc/Legacy -I../Drivers/STM32F1xx_HAL_Driver/Inc -I../Drivers/CMSIS/Device/ST/STM32F1xx/Include -I../Drivers/CMSIS/Include -O0 -ffunction-sections -fdata-sections -Wall -fstack-usage -fcyclomatic-complexity -MMD -MP -MF"Drivers/STM32F1xx_HAL_Driver/Src/stm32f1xx_hal.d" -MT"Drivers/STM32F1xx_HAL_Driver/Src/stm32f1xx_hal.o" --specs=nano.specs -mfloat-abi=soft -mthumb -o "Drivers/STM32F1xx_HAL_Driver/Src/stm32f1xx_hal.o"
arm-none-eabi-gcc "../Drivers/STM32F1xx_HAL_Driver/Src/stm32f1xx_hal_cortex.c" -mcpu=cortex-m3 -std=gnu11 -g3 -DDEBUG -DUSE_HAL_DRIVER -DSTM32F103xB -c -I../Core/Inc -I../Drivers/STM32F1xx_HAL_Driver/Inc/Legacy -I../Drivers/STM32F1xx_HAL_Driver/Inc -I../Drivers/CMSIS/Device/ST/STM32F1xx/Include -I../Drivers/CMSIS/Include -O0 -ffunction-sections -fdata-sections -Wall -fstack-usage -fcyclomatic-complexity -MMD -MP -MF"Drivers/STM32F1xx_HAL_Driver/Src/stm32f1xx_hal_cortex.d" -MT"Drivers/STM32F1xx_HAL_Driver/Src/stm32f1xx_hal_cortex.o" --specs=nano.specs -mfloat-abi=soft -mthumb -o "Drivers/STM32F1xx_HAL_Driver/Src/stm32f1xx_hal_cortex.o"
arm-none-eabi-gcc "../Drivers/STM32F1xx_HAL_Driver/Src/stm32f1xx_hal_dma.c" -mcpu=cortex-m3 -std=gnu11 -g3 -DDEBUG -DUSE_HAL_DRIVER -DSTM32F103xB -c -I../Core/Inc -I../Drivers/STM32F1xx_HAL_Driver/Inc/Legacy -I../Drivers/STM32F1xx_HAL_Driver/Inc -I../Drivers/CMSIS/Device/ST/STM32F1xx/Include -I../Drivers/CMSIS/Include -O0 -ffunction-sections -fdata-sections -Wall -fstack-usage -fcyclomatic-complexity -MMD -MP -MF"Drivers/STM32F1xx_HAL_Driver/Src/stm32f1xx_hal_dma.d" -MT"Drivers/STM32F1xx_HAL_Driver/Src/stm32f1xx_hal_dma.o" --specs=nano.specs -mfloat-abi=soft -mthumb -o "Drivers/STM32F1xx_HAL_Driver/Src/stm32f1xx_hal_dma.o"
arm-none-eabi-gcc "../Drivers/STM32F1xx_HAL_Driver/Src/stm32f1xx_hal_exti.c" -mcpu=cortex-m3 -std=gnu11 -g3 -DDEBUG -DUSE_HAL_DRIVER -DSTM32F103xB -c -I../Core/Inc -I../Drivers/STM32F1xx_HAL_Driver/Inc/Legacy -I../Drivers/STM32F1xx_HAL_Driver/Inc -I../Drivers/CMSIS/Device/ST/STM32F1xx/Include -I../Drivers/CMSIS/Include -O0 -ffunction-sections -fdata-sections -Wall -fstack-usage -fcyclomatic-complexity -MMD -MP -MF"Drivers/STM32F1xx_HAL_Driver/Src/stm32f1xx_hal_exti.d" -MT"Drivers/STM32F1xx_HAL_Driver/Src/stm32f1xx_hal_exti.o" --specs=nano.specs -mfloat-abi=soft -mthumb -o "Drivers/STM32F1xx_HAL_Driver/Src/stm32f1xx_hal_exti.o"
arm-none-eabi-gcc "../Drivers/STM32F1xx_HAL_Driver/Src/stm32f1xx_hal_flash.c" -mcpu=cortex-m3 -std=gnu11 -g3 -DDEBUG -DUSE_HAL_DRIVER -DSTM32F103xB -c -I../Core/Inc -I../Drivers/STM32F1xx_HAL_Driver/Inc/Legacy -I../Drivers/STM32F1xx_HAL_Driver/Inc -I../Drivers/CMSIS/Device/ST/STM32F1xx/Include -I../Drivers/CMSIS/Include -O0 -ffunction-sections -fdata-sections -Wall -fstack-usage -fcyclomatic-complexity -MMD -MP -MF"Drivers/STM32F1xx_HAL_Driver/Src/stm32f1xx_hal_flash.d" -MT"Drivers/STM32F1xx_HAL_Driver/Src/stm32f1xx_hal_flash.o" --specs=nano.specs -mfloat-abi=soft -mthumb -o "Drivers/STM32F1xx_HAL_Driver/Src/stm32f1xx_hal_flash.o"
arm-none-eabi-gcc "../Drivers/STM32F1xx_HAL_Driver/Src/stm32f1xx_hal_flash_ex.c" -mcpu=cortex-m3 -std=gnu11 -g3 -DDEBUG -DUSE_HAL_DRIVER -DSTM32F103xB -c -I../Core/Inc -I../Drivers/STM32F1xx_HAL_Driver/Inc/Legacy -I../Drivers/STM32F1xx_HAL_Driver/Inc -I../Drivers/CMSIS/Device/ST/STM32F1xx/Include -I../Drivers/CMSIS/Include -O0 -ffunction-sections -fdata-sections -Wall -fstack-usage -fcyclomatic-complexity -MMD -MP -MF"Drivers/STM32F1xx_HAL_Driver/Src/stm32f1xx_hal_flash_ex.d" -MT"Drivers/STM32F1xx_HAL_Driver/Src/stm32f1xx_hal_flash_ex.o" --specs=nano.specs -mfloat-abi=soft -mthumb -o "Drivers/STM32F1xx_HAL_Driver/Src/stm32f1xx_hal_flash_ex.o"
arm-none-eabi-gcc "../Drivers/STM32F1xx_HAL_Driver/Src/stm32f1xx_hal_gpio.c" -mcpu=cortex-m3 -std=gnu11 -g3 -DDEBUG -DUSE_HAL_DRIVER -DSTM32F103xB -c -I../Core/Inc -I../Drivers/STM32F1xx_HAL_Driver/Inc/Legacy -I../Drivers/STM32F1xx_HAL_Driver/Inc -I../Drivers/CMSIS/Device/ST/STM32F1xx/Include -I../Drivers/CMSIS/Include -O0 -ffunction-sections -fdata-sections -Wall -fstack-usage -fcyclomatic-complexity -MMD -MP -MF"Drivers/STM32F1xx_HAL_Driver/Src/stm32f1xx_hal_gpio.d" -MT"Drivers/STM32F1xx_HAL_Driver/Src/stm32f1xx_hal_gpio.o" --specs=nano.specs -mfloat-abi=soft -mthumb -o "Drivers/STM32F1xx_HAL_Driver/Src/stm32f1xx_hal_gpio.o"
arm-none-eabi-gcc "../Drivers/STM32F1xx_HAL_Driver/Src/stm32f1xx_hal_gpio_ex.c" -mcpu=cortex-m3 -std=gnu11 -g3 -DDEBUG -DUSE_HAL_DRIVER -DSTM32F103xB -c -I../Core/Inc -I../Drivers/STM32F1xx_HAL_Driver/Inc/Legacy -I../Drivers/STM32F1xx_HAL_Driver/Inc -I../Drivers/CMSIS/Device/ST/STM32F1xx/Include -I../Drivers/CMSIS/Include -O0 -ffunction-sections -fdata-sections -Wall -fstack-usage -fcyclomatic-complexity -MMD -MP -MF"Drivers/STM32F1xx_HAL_Driver/Src/stm32f1xx_hal_gpio_ex.d" -MT"Drivers/STM32F1xx_HAL_Driver/Src/stm32f1xx_hal_gpio_ex.o" --specs=nano.specs -mfloat-abi=soft -mthumb -o "Drivers/STM32F1xx_HAL_Driver/Src/stm32f1xx_hal_gpio_ex.o"
arm-none-eabi-gcc "../Drivers/STM32F1xx_HAL_Driver/Src/stm32f1xx_hal_pwr.c" -mcpu=cortex-m3 -std=gnu11 -g3 -DDEBUG -DUSE_HAL_DRIVER -DSTM32F103xB -c -I../Core/Inc -I../Drivers/STM32F1xx_HAL_Driver/Inc/Legacy -I../Drivers/STM32F1xx_HAL_Driver/Inc -I../Drivers/CMSIS/Device/ST/STM32F1xx/Include -I../Drivers/CMSIS/Include -O0 -ffunction-sections -fdata-sections -Wall -fstack-usage -fcyclomatic-complexity -MMD -MP -MF"Drivers/STM32F1xx_HAL_Driver/Src/stm32f1xx_hal_pwr.d" -MT"Drivers/STM32F1xx_HAL_Driver/Src/stm32f1xx_hal_pwr.o" --specs=nano.specs -mfloat-abi=soft -mthumb -o "Drivers/STM32F1xx_HAL_Driver/Src/stm32f1xx_hal_pwr.o"
arm-none-eabi-gcc "../Drivers/STM32F1xx_HAL_Driver/Src/stm32f1xx_hal_rcc.c" -mcpu=cortex-m3 -std=gnu11 -g3 -DDEBUG -DUSE_HAL_DRIVER -DSTM32F103xB -c -I../Core/Inc -I../Drivers/STM32F1xx_HAL_Driver/Inc/Legacy -I../Drivers/STM32F1xx_HAL_Driver/Inc -I../Drivers/CMSIS/Device/ST/STM32F1xx/Include -I../Drivers/CMSIS/Include -O0 -ffunction-sections -fdata-sections -Wall -fstack-usage -fcyclomatic-complexity -MMD -MP -MF"Drivers/STM32F1xx_HAL_Driver/Src/stm32f1xx_hal_rcc.d" -MT"Drivers/STM32F1xx_HAL_Driver/Src/stm32f1xx_hal_rcc.o" --specs=nano.specs -mfloat-abi=soft -mthumb -o "Drivers/STM32F1xx_HAL_Driver/Src/stm32f1xx_hal_rcc.o"
arm-none-eabi-gcc "../Drivers/STM32F1xx_HAL_Driver/Src/stm32f1xx_hal_rcc_ex.c" -mcpu=cortex-m3 -std=gnu11 -g3 -DDEBUG -DUSE_HAL_DRIVER -DSTM32F103xB -c -I../Core/Inc -I../Drivers/STM32F1xx_HAL_Driver/Inc/Legacy -I../Drivers/STM32F1xx_HAL_Driver/Inc -I../Drivers/CMSIS/Device/ST/STM32F1xx/Include -I../Drivers/CMSIS/Include -O0 -ffunction-sections -fdata-sections -Wall -fstack-usage -fcyclomatic-complexity -MMD -MP -MF"Drivers/STM32F1xx_HAL_Driver/Src/stm32f1xx_hal_rcc_ex.d" -MT"Drivers/STM32F1xx_HAL_Driver/Src/stm32f1xx_hal_rcc_ex.o" --specs=nano.specs -mfloat-abi=soft -mthumb -o "Drivers/STM32F1xx_HAL_Driver/Src/stm32f1xx_hal_rcc_ex.o"
arm-none-eabi-gcc -mcpu=cortex-m3 -g3 -DDEBUG -c -x assembler-with-cpp -MMD -MP -MF"Core/Startup/startup_stm32f103c8tx.d" -MT"Core/Startup/startup_stm32f103c8tx.o" --specs=nano.specs -mfloat-abi=soft -mthumb -o "Core/Startup/startup_stm32f103c8tx.o" "../Core/Startup/startup_stm32f103c8tx.s"
arm-none-eabi-gcc "../Core/Src/main.c" -mcpu=cortex-m3 -std=gnu11 -g3 -DDEBUG -DUSE_HAL_DRIVER -DSTM32F103xB -c -I../Core/Inc -I../Drivers/STM32F1xx_HAL_Driver/Inc/Legacy -I../Drivers/STM32F1xx_HAL_Driver/Inc -I../Drivers/CMSIS/Device/ST/STM32F1xx/Include -I../Drivers/CMSIS/Include -O0 -ffunction-sections -fdata-sections -Wall -fstack-usage -fcyclomatic-complexity -MMD -MP -MF"Core/Src/main.d" -MT"Core/Src/main.o" --specs=nano.specs -mfloat-abi=soft -mthumb -o "Core/Src/main.o"
arm-none-eabi-gcc "../Core/Src/stm32f1xx_hal_msp.c" -mcpu=cortex-m3 -std=gnu11 -g3 -DDEBUG -DUSE_HAL_DRIVER -DSTM32F103xB -c -I../Core/Inc -I../Drivers/STM32F1xx_HAL_Driver/Inc/Legacy -I../Drivers/STM32F1xx_HAL_Driver/Inc -I../Drivers/CMSIS/Device/ST/STM32F1xx/Include -I../Drivers/CMSIS/Include -O0 -ffunction-sections -fdata-sections -Wall -fstack-usage -fcyclomatic-complexity -MMD -MP -MF"Core/Src/stm32f1xx_hal_msp.d" -MT"Core/Src/stm32f1xx_hal_msp.o" --specs=nano.specs -mfloat-abi=soft -mthumb -o "Core/Src/stm32f1xx_hal_msp.o"
arm-none-eabi-gcc "../Core/Src/stm32f1xx_it.c" -mcpu=cortex-m3 -std=gnu11 -g3 -DDEBUG -DUSE_HAL_DRIVER -DSTM32F103xB -c -I../Core/Inc -I../Drivers/STM32F1xx_HAL_Driver/Inc/Legacy -I../Drivers/STM32F1xx_HAL_Driver/Inc -I../Drivers/CMSIS/Device/ST/STM32F1xx/Include -I../Drivers/CMSIS/Include -O0 -ffunction-sections -fdata-sections -Wall -fstack-usage -fcyclomatic-complexity -MMD -MP -MF"Core/Src/stm32f1xx_it.d" -MT"Core/Src/stm32f1xx_it.o" --specs=nano.specs -mfloat-abi=soft -mthumb -o "Core/Src/stm32f1xx_it.o"
arm-none-eabi-gcc "../Core/Src/syscalls.c" -mcpu=cortex-m3 -std=gnu11 -g3 -DDEBUG -DUSE_HAL_DRIVER -DSTM32F103xB -c -I../Core/Inc -I../Drivers/STM32F1xx_HAL_Driver/Inc/Legacy -I../Drivers/STM32F1xx_HAL_Driver/Inc -I../Drivers/CMSIS/Device/ST/STM32F1xx/Include -I../Drivers/CMSIS/Include -O0 -ffunction-sections -fdata-sections -Wall -fstack-usage -fcyclomatic-complexity -MMD -MP -MF"Core/Src/syscalls.d" -MT"Core/Src/syscalls.o" --specs=nano.specs -mfloat-abi=soft -mthumb -o "Core/Src/syscalls.o"
arm-none-eabi-gcc "../Core/Src/sysmem.c" -mcpu=cortex-m3 -std=gnu11 -g3 -DDEBUG -DUSE_HAL_DRIVER -DSTM32F103xB -c -I../Core/Inc -I../Drivers/STM32F1xx_HAL_Driver/Inc/Legacy -I../Drivers/STM32F1xx_HAL_Driver/Inc -I../Drivers/CMSIS/Device/ST/STM32F1xx/Include -I../Drivers/CMSIS/Include -O0 -ffunction-sections -fdata-sections -Wall -fstack-usage -fcyclomatic-complexity -MMD -MP -MF"Core/Src/sysmem.d" -MT"Core/Src/sysmem.o" --specs=nano.specs -mfloat-abi=soft -mthumb -o "Core/Src/sysmem.o"
arm-none-eabi-gcc "../Core/Src/system_stm32f1xx.c" -mcpu=cortex-m3 -std=gnu11 -g3 -DDEBUG -DUSE_HAL_DRIVER -DSTM32F103xB -c -I../Core/Inc -I../Drivers/STM32F1xx_HAL_Driver/Inc/Legacy -I../Drivers/STM32F1xx_HAL_Driver/Inc -I../Drivers/CMSIS/Device/ST/STM32F1xx/Include -I../Drivers/CMSIS/Include -O0 -ffunction-sections -fdata-sections -Wall -fstack-usage -fcyclomatic-complexity -MMD -MP -MF"Core/Src/system_stm32f1xx.d" -MT"Core/Src/system_stm32f1xx.o" --specs=nano.specs -mfloat-abi=soft -mthumb -o "Core/Src/system_stm32f1xx.o"
arm-none-eabi-gcc -o "test_1.elf" @"objects.list"   -mcpu=cortex-m3 -T"C:\Users\Good\Desktop\developer\test_1\STM32F103C8TX_FLASH.ld" --specs=nosys.specs -Wl,-Map="test_1.map" -Wl,--gc-sections -static --specs=nano.specs -mfloat-abi=soft -mthumb -Wl,--start-group -lc -lm -Wl,--end-group
Finished building target: test_1.elf
 
arm-none-eabi-size  test_1.elf 
arm-none-eabi-objdump -h -S test_1.elf  > "test_1.list"
   text	   data	    bss	    dec	    hex	filename
   4516	     12	   1572	   6100	   17d4	test_1.elf
Finished building: default.size.stdout
 
Finished building: test_1.list
 
17:07:03 **** Incremental Build of configuration Debug for project test_1 ****
make -j6 all 
arm-none-eabi-size  test_1.elf 
   text	   data	    bss	    dec	    hex	filename
   4516	     12	   1572	   6100	   17d4	test_1.elf
Finished building: default.size.stdout
 
17:10:40 **** Incremental Build of configuration Debug for project test_1 ****
make -j6 all 
arm-none-eabi-gcc "../Core/Src/main.c" -mcpu=cortex-m3 -std=gnu11 -g3 -DDEBUG -DUSE_HAL_DRIVER -DSTM32F103xB -c -I../Core/Inc -I../Drivers/STM32F1xx_HAL_Driver/Inc/Legacy -I../Drivers/STM32F1xx_HAL_Driver/Inc -I../Drivers/CMSIS/Device/ST/STM32F1xx/Include -I../Drivers/CMSIS/Include -O0 -ffunction-sections -fdata-sections -Wall -fstack-usage -fcyclomatic-complexity -MMD -MP -MF"Core/Src/main.d" -MT"Core/Src/main.o" --specs=nano.specs -mfloat-abi=soft -mthumb -o "Core/Src/main.o"
arm-none-eabi-gcc -o "test_1.elf" @"objects.list"   -mcpu=cortex-m3 -T"C:\Users\Good\Desktop\developer\test_1\STM32F103C8TX_FLASH.ld" --specs=nosys.specs -Wl,-Map="test_1.map" -Wl,--gc-sections -static --specs=nano.specs -mfloat-abi=soft -mthumb -Wl,--start-group -lc -lm -Wl,--end-group
Finished building target: test_1.elf
 
arm-none-eabi-size  test_1.elf 
arm-none-eabi-objdump -h -S test_1.elf  > "test_1.list"
   text	   data	    bss	    dec	    hex	filename
   4528	     12	   1572	   6112	   17e0	test_1.elf
Finished building: default.size.stdout
 
Finished building: test_1.list
 
17:31:15 **** Incremental Build of configuration Debug for project test_1 ****
make -j6 all 
arm-none-eabi-gcc "../Core/Src/main.c" -mcpu=cortex-m3 -std=gnu11 -g3 -DDEBUG -DUSE_HAL_DRIVER -DSTM32F103xB -c -I../Core/Inc -I../Drivers/STM32F1xx_HAL_Driver/Inc/Legacy -I../Drivers/STM32F1xx_HAL_Driver/Inc -I../Drivers/CMSIS/Device/ST/STM32F1xx/Include -I../Drivers/CMSIS/Include -O0 -ffunction-sections -fdata-sections -Wall -fstack-usage -fcyclomatic-complexity -MMD -MP -MF"Core/Src/main.d" -MT"Core/Src/main.o" --specs=nano.specs -mfloat-abi=soft -mthumb -o "Core/Src/main.o"
arm-none-eabi-gcc "../Core/Src/stm32f1xx_hal_msp.c" -mcpu=cortex-m3 -std=gnu11 -g3 -DDEBUG -DUSE_HAL_DRIVER -DSTM32F103xB -c -I../Core/Inc -I../Drivers/STM32F1xx_HAL_Driver/Inc/Legacy -I../Drivers/STM32F1xx_HAL_Driver/Inc -I../Drivers/CMSIS/Device/ST/STM32F1xx/Include -I../Drivers/CMSIS/Include -O0 -ffunction-sections -fdata-sections -Wall -fstack-usage -fcyclomatic-complexity -MMD -MP -MF"Core/Src/stm32f1xx_hal_msp.d" -MT"Core/Src/stm32f1xx_hal_msp.o" --specs=nano.specs -mfloat-abi=soft -mthumb -o "Core/Src/stm32f1xx_hal_msp.o"
arm-none-eabi-gcc "../Core/Src/stm32f1xx_it.c" -mcpu=cortex-m3 -std=gnu11 -g3 -DDEBUG -DUSE_HAL_DRIVER -DSTM32F103xB -c -I../Core/Inc -I../Drivers/STM32F1xx_HAL_Driver/Inc/Legacy -I../Drivers/STM32F1xx_HAL_Driver/Inc -I../Drivers/CMSIS/Device/ST/STM32F1xx/Include -I../Drivers/CMSIS/Include -O0 -ffunction-sections -fdata-sections -Wall -fstack-usage -fcyclomatic-complexity -MMD -MP -MF"Core/Src/stm32f1xx_it.d" -MT"Core/Src/stm32f1xx_it.o" --specs=nano.specs -mfloat-abi=soft -mthumb -o "Core/Src/stm32f1xx_it.o"
../Core/Src/main.c: In function 'main':
../Core/Src/main.c:100:14: error: 'Button_state' undeclared (first use in this function); did you mean 'Button_State'?
  100 |           if(Button_state != 0){
      |              ^~~~~~~~~~~~
      |              Button_State
../Core/Src/main.c:100:14: note: each undeclared identifier is reported only once for each function it appears in
make: *** [Core/Src/subdir.mk:34: Core/Src/main.o] Error 1
make: *** Waiting for unfinished jobs....
"make -j6 all" terminated with exit code 2. Build might be incomplete.
17:31:58 **** Incremental Build of configuration Debug for project test_1 ****
make -j6 all 
arm-none-eabi-gcc "../Core/Src/main.c" -mcpu=cortex-m3 -std=gnu11 -g3 -DDEBUG -DUSE_HAL_DRIVER -DSTM32F103xB -c -I../Core/Inc -I../Drivers/STM32F1xx_HAL_Driver/Inc/Legacy -I../Drivers/STM32F1xx_HAL_Driver/Inc -I../Drivers/CMSIS/Device/ST/STM32F1xx/Include -I../Drivers/CMSIS/Include -O0 -ffunction-sections -fdata-sections -Wall -fstack-usage -fcyclomatic-complexity -MMD -MP -MF"Core/Src/main.d" -MT"Core/Src/main.o" --specs=nano.specs -mfloat-abi=soft -mthumb -o "Core/Src/main.o"
arm-none-eabi-gcc -o "test_1.elf" @"objects.list"   -mcpu=cortex-m3 -T"C:\Users\Good\Desktop\developer\test_1\STM32F103C8TX_FLASH.ld" --specs=nosys.specs -Wl,-Map="test_1.map" -Wl,--gc-sections -static --specs=nano.specs -mfloat-abi=soft -mthumb -Wl,--start-group -lc -lm -Wl,--end-group
Finished building target: test_1.elf
 
arm-none-eabi-size  test_1.elf 
arm-none-eabi-objdump -h -S test_1.elf  > "test_1.list"
   text	   data	    bss	    dec	    hex	filename
   4644	     12	   1572	   6228	   1854	test_1.elf
Finished building: default.size.stdout
 
Finished building: test_1.list
 
17:32:44 **** Incremental Build of configuration Debug for project test_1 ****
make -j6 all 
arm-none-eabi-gcc "../Core/Src/main.c" -mcpu=cortex-m3 -std=gnu11 -g3 -DDEBUG -DUSE_HAL_DRIVER -DSTM32F103xB -c -I../Core/Inc -I../Drivers/STM32F1xx_HAL_Driver/Inc/Legacy -I../Drivers/STM32F1xx_HAL_Driver/Inc -I../Drivers/CMSIS/Device/ST/STM32F1xx/Include -I../Drivers/CMSIS/Include -O0 -ffunction-sections -fdata-sections -Wall -fstack-usage -fcyclomatic-complexity -MMD -MP -MF"Core/Src/main.d" -MT"Core/Src/main.o" --specs=nano.specs -mfloat-abi=soft -mthumb -o "Core/Src/main.o"
arm-none-eabi-gcc -o "test_1.elf" @"objects.list"   -mcpu=cortex-m3 -T"C:\Users\Good\Desktop\developer\test_1\STM32F103C8TX_FLASH.ld" --specs=nosys.specs -Wl,-Map="test_1.map" -Wl,--gc-sections -static --specs=nano.specs -mfloat-abi=soft -mthumb -Wl,--start-group -lc -lm -Wl,--end-group
Finished building target: test_1.elf
 
arm-none-eabi-size  test_1.elf 
arm-none-eabi-objdump -h -S test_1.elf  > "test_1.list"
   text	   data	    bss	    dec	    hex	filename
   4644	     12	   1572	   6228	   1854	test_1.elf
Finished building: default.size.stdout
 
Finished building: test_1.list
 
17:33:21 **** Incremental Build of configuration Debug for project test_1 ****
make -j6 all 
arm-none-eabi-gcc "../Core/Src/main.c" -mcpu=cortex-m3 -std=gnu11 -g3 -DDEBUG -DUSE_HAL_DRIVER -DSTM32F103xB -c -I../Core/Inc -I../Drivers/STM32F1xx_HAL_Driver/Inc/Legacy -I../Drivers/STM32F1xx_HAL_Driver/Inc -I../Drivers/CMSIS/Device/ST/STM32F1xx/Include -I../Drivers/CMSIS/Include -O0 -ffunction-sections -fdata-sections -Wall -fstack-usage -fcyclomatic-complexity -MMD -MP -MF"Core/Src/main.d" -MT"Core/Src/main.o" --specs=nano.specs -mfloat-abi=soft -mthumb -o "Core/Src/main.o"
arm-none-eabi-gcc -o "test_1.elf" @"objects.list"   -mcpu=cortex-m3 -T"C:\Users\Good\Desktop\developer\test_1\STM32F103C8TX_FLASH.ld" --specs=nosys.specs -Wl,-Map="test_1.map" -Wl,--gc-sections -static --specs=nano.specs -mfloat-abi=soft -mthumb -Wl,--start-group -lc -lm -Wl,--end-group
Finished building target: test_1.elf
 
arm-none-eabi-size  test_1.elf 
arm-none-eabi-objdump -h -S test_1.elf  > "test_1.list"
   text	   data	    bss	    dec	    hex	filename
   4644	     12	   1572	   6228	   1854	test_1.elf
Finished building: default.size.stdout
 
Finished building: test_1.list
 
12:35:41 **** Build of configuration Debug for project test_1 ****
make -j6 all 
arm-none-eabi-gcc "../Core/Src/fnd_controller.c" -mcpu=cortex-m3 -std=gnu11 -g3 -DDEBUG -DUSE_HAL_DRIVER -DSTM32F103xB -c -I../Core/Inc -I../Drivers/STM32F1xx_HAL_Driver/Inc/Legacy -I../Drivers/STM32F1xx_HAL_Driver/Inc -I../Drivers/CMSIS/Device/ST/STM32F1xx/Include -I../Drivers/CMSIS/Include -O0 -ffunction-sections -fdata-sections -Wall -fstack-usage -fcyclomatic-complexity -MMD -MP -MF"Core/Src/fnd_controller.d" -MT"Core/Src/fnd_controller.o" --specs=nano.specs -mfloat-abi=soft -mthumb -o "Core/Src/fnd_controller.o"
arm-none-eabi-gcc "../Core/Src/main.c" -mcpu=cortex-m3 -std=gnu11 -g3 -DDEBUG -DUSE_HAL_DRIVER -DSTM32F103xB -c -I../Core/Inc -I../Drivers/STM32F1xx_HAL_Driver/Inc/Legacy -I../Drivers/STM32F1xx_HAL_Driver/Inc -I../Drivers/CMSIS/Device/ST/STM32F1xx/Include -I../Drivers/CMSIS/Include -O0 -ffunction-sections -fdata-sections -Wall -fstack-usage -fcyclomatic-complexity -MMD -MP -MF"Core/Src/main.d" -MT"Core/Src/main.o" --specs=nano.specs -mfloat-abi=soft -mthumb -o "Core/Src/main.o"
arm-none-eabi-gcc "../Core/Src/stm32f1xx_hal_msp.c" -mcpu=cortex-m3 -std=gnu11 -g3 -DDEBUG -DUSE_HAL_DRIVER -DSTM32F103xB -c -I../Core/Inc -I../Drivers/STM32F1xx_HAL_Driver/Inc/Legacy -I../Drivers/STM32F1xx_HAL_Driver/Inc -I../Drivers/CMSIS/Device/ST/STM32F1xx/Include -I../Drivers/CMSIS/Include -O0 -ffunction-sections -fdata-sections -Wall -fstack-usage -fcyclomatic-complexity -MMD -MP -MF"Core/Src/stm32f1xx_hal_msp.d" -MT"Core/Src/stm32f1xx_hal_msp.o" --specs=nano.specs -mfloat-abi=soft -mthumb -o "Core/Src/stm32f1xx_hal_msp.o"
arm-none-eabi-gcc "../Core/Src/stm32f1xx_it.c" -mcpu=cortex-m3 -std=gnu11 -g3 -DDEBUG -DUSE_HAL_DRIVER -DSTM32F103xB -c -I../Core/Inc -I../Drivers/STM32F1xx_HAL_Driver/Inc/Legacy -I../Drivers/STM32F1xx_HAL_Driver/Inc -I../Drivers/CMSIS/Device/ST/STM32F1xx/Include -I../Drivers/CMSIS/Include -O0 -ffunction-sections -fdata-sections -Wall -fstack-usage -fcyclomatic-complexity -MMD -MP -MF"Core/Src/stm32f1xx_it.d" -MT"Core/Src/stm32f1xx_it.o" --specs=nano.specs -mfloat-abi=soft -mthumb -o "Core/Src/stm32f1xx_it.o"
arm-none-eabi-gcc "../Core/Src/syscalls.c" -mcpu=cortex-m3 -std=gnu11 -g3 -DDEBUG -DUSE_HAL_DRIVER -DSTM32F103xB -c -I../Core/Inc -I../Drivers/STM32F1xx_HAL_Driver/Inc/Legacy -I../Drivers/STM32F1xx_HAL_Driver/Inc -I../Drivers/CMSIS/Device/ST/STM32F1xx/Include -I../Drivers/CMSIS/Include -O0 -ffunction-sections -fdata-sections -Wall -fstack-usage -fcyclomatic-complexity -MMD -MP -MF"Core/Src/syscalls.d" -MT"Core/Src/syscalls.o" --specs=nano.specs -mfloat-abi=soft -mthumb -o "Core/Src/syscalls.o"
arm-none-eabi-gcc "../Core/Src/sysmem.c" -mcpu=cortex-m3 -std=gnu11 -g3 -DDEBUG -DUSE_HAL_DRIVER -DSTM32F103xB -c -I../Core/Inc -I../Drivers/STM32F1xx_HAL_Driver/Inc/Legacy -I../Drivers/STM32F1xx_HAL_Driver/Inc -I../Drivers/CMSIS/Device/ST/STM32F1xx/Include -I../Drivers/CMSIS/Include -O0 -ffunction-sections -fdata-sections -Wall -fstack-usage -fcyclomatic-complexity -MMD -MP -MF"Core/Src/sysmem.d" -MT"Core/Src/sysmem.o" --specs=nano.specs -mfloat-abi=soft -mthumb -o "Core/Src/sysmem.o"
In file included from ../Core/Src/fnd_controller.c:1:
../Core/Src/fnd_controller.h:17:32: error: unknown type name 'uint8_t'
   17 | void digit4(int n, int replay, uint8_t showZero);
      |                                ^~~~~~~
../Core/Src/fnd_controller.h:1:1: note: 'uint8_t' is defined in header '<stdint.h>'; did you forget to '#include <stdint.h>'?
  +++ |+#include <stdint.h>
    1 | /*
../Core/Src/fnd_controller.c: In function 'send':
../Core/Src/fnd_controller.c:44:7: warning: implicit declaration of function 'HAL_GPIO_WritePin' [-Wimplicit-function-declaration]
   44 |       HAL_GPIO_WritePin(FND_DIO_GPIO_Port, FND_DIO_Pin, 1);
      |       ^~~~~~~~~~~~~~~~~
../Core/Src/fnd_controller.c:44:25: error: 'FND_DIO_GPIO_Port' undeclared (first use in this function)
   44 |       HAL_GPIO_WritePin(FND_DIO_GPIO_Port, FND_DIO_Pin, 1);
      |                         ^~~~~~~~~~~~~~~~~
../Core/Src/fnd_controller.c:44:25: note: each undeclared identifier is reported only once for each function it appears in
../Core/Src/fnd_controller.c:44:44: error: 'FND_DIO_Pin' undeclared (first use in this function)
   44 |       HAL_GPIO_WritePin(FND_DIO_GPIO_Port, FND_DIO_Pin, 1);
      |                                            ^~~~~~~~~~~
../Core/Src/fnd_controller.c:51:23: error: 'FND_SCLK_GPIO_Port' undeclared (first use in this function)
   51 |     HAL_GPIO_WritePin(FND_SCLK_GPIO_Port, FND_SCLK_Pin, 0);
      |                       ^~~~~~~~~~~~~~~~~~
../Core/Src/fnd_controller.c:51:43: error: 'FND_SCLK_Pin' undeclared (first use in this function)
   51 |     HAL_GPIO_WritePin(FND_SCLK_GPIO_Port, FND_SCLK_Pin, 0);
      |                                           ^~~~~~~~~~~~
../Core/Src/fnd_controller.c: In function 'send_port':
../Core/Src/fnd_controller.c:60:21: error: 'FND_RCLK_GPIO_Port' undeclared (first use in this function)
   60 |   HAL_GPIO_WritePin(FND_RCLK_GPIO_Port, FND_RCLK_Pin, 0);
      |                     ^~~~~~~~~~~~~~~~~~
../Core/Src/fnd_controller.c:60:41: error: 'FND_RCLK_Pin' undeclared (first use in this function)
   60 |   HAL_GPIO_WritePin(FND_RCLK_GPIO_Port, FND_RCLK_Pin, 0);
      |                                         ^~~~~~~~~~~~
../Core/Src/fnd_controller.c: At top level:
../Core/Src/fnd_controller.c:64:32: error: unknown type name 'uint8_t'
   64 | void digit4(int n, int replay, uint8_t showZero)
      |                                ^~~~~~~
../Core/Src/fnd_controller.c:2:1: note: 'uint8_t' is defined in header '<stdint.h>'; did you forget to '#include <stdint.h>'?
    1 | #include "fnd_controller.h"
  +++ |+#include <stdint.h>
    2 | 
../Core/Src/fnd_controller.c: In function 'digit4_replay':
../Core/Src/fnd_controller.c:82:3: warning: implicit declaration of function 'digit4'; did you mean 'digit2'? [-Wimplicit-function-declaration]
   82 |   digit4(n,replay,false);
      |   ^~~~~~
      |   digit2
../Core/Src/fnd_controller.c:82:19: error: 'false' undeclared (first use in this function)
   82 |   digit4(n,replay,false);
      |                   ^~~~~
../Core/Src/fnd_controller.c:2:1: note: 'false' is defined in header '<stdbool.h>'; did you forget to '#include <stdbool.h>'?
    1 | #include "fnd_controller.h"
  +++ |+#include <stdbool.h>
    2 | 
../Core/Src/fnd_controller.c: In function 'digit4_zero':
../Core/Src/fnd_controller.c:87:14: error: 'false' undeclared (first use in this function)
   87 |   digit4(n,0,false);
      |              ^~~~~
../Core/Src/fnd_controller.c:87:14: note: 'false' is defined in header '<stdbool.h>'; did you forget to '#include <stdbool.h>'?
../Core/Src/fnd_controller.c: In function 'digit4showZero_replay':
../Core/Src/fnd_controller.c:92:27: error: 'true' undeclared (first use in this function)
   92 |         digit4(n, replay, true);
      |                           ^~~~
../Core/Src/fnd_controller.c:92:27: note: 'true' is defined in header '<stdbool.h>'; did you forget to '#include <stdbool.h>'?
../Core/Src/fnd_controller.c: In function 'digit4showZero_zero':
../Core/Src/fnd_controller.c:97:22: error: 'true' undeclared (first use in this function)
   97 |         digit4(n, 0, true);
      |                      ^~~~
../Core/Src/fnd_controller.c:97:22: note: 'true' is defined in header '<stdbool.h>'; did you forget to '#include <stdbool.h>'?
../Core/Src/fnd_controller.c: In function 'digit2':
../Core/Src/fnd_controller.c:108:10: error: '_LED_0F' undeclared (first use in this function)
  108 |     send(_LED_0F[n1], port);
      |          ^~~~~~~
../Core/Src/fnd_controller.c:108:5: error: too many arguments to function 'send'
  108 |     send(_LED_0F[n1], port);
      |     ^~~~
../Core/Src/fnd_controller.c:37:6: note: declared here
   37 | void send(unsigned char X)
      |      ^~~~
../Core/Src/fnd_controller.c:109:5: error: too many arguments to function 'send'
  109 |     send(_LED_0F[n2], port<<1);
      |     ^~~~
../Core/Src/fnd_controller.c:37:6: note: declared here
   37 | void send(unsigned char X)
      |      ^~~~
../Core/Src/fnd_controller.c:103:11: warning: variable 'n2' set but not used [-Wunused-but-set-variable]
  103 |   int n1, n2;
      |           ^~
make: *** [Core/Src/subdir.mk:37: Core/Src/fnd_controller.o] Error 1
make: *** Waiting for unfinished jobs....
../Core/Src/main.c: In function 'main':
../Core/Src/main.c:69:9: warning: parameter names (without types) in function declaration
   69 |         void Set_Up(LED_0F);
      |         ^~~~
../Core/Src/main.c:100:9: warning: implicit declaration of function 'delay' [-Wimplicit-function-declaration]
  100 |         delay(2000);
      |         ^~~~~
"make -j6 all" terminated with exit code 2. Build might be incomplete.
12:37:14 **** Incremental Build of configuration Debug for project test_1 ****
make -j6 all 
arm-none-eabi-gcc "../Core/Src/fnd_controller.c" -mcpu=cortex-m3 -std=gnu11 -g3 -DDEBUG -DUSE_HAL_DRIVER -DSTM32F103xB -c -I../Core/Inc -I../Drivers/STM32F1xx_HAL_Driver/Inc/Legacy -I../Drivers/STM32F1xx_HAL_Driver/Inc -I../Drivers/CMSIS/Device/ST/STM32F1xx/Include -I../Drivers/CMSIS/Include -O0 -ffunction-sections -fdata-sections -Wall -fstack-usage -fcyclomatic-complexity -MMD -MP -MF"Core/Src/fnd_controller.d" -MT"Core/Src/fnd_controller.o" --specs=nano.specs -mfloat-abi=soft -mthumb -o "Core/Src/fnd_controller.o"
arm-none-eabi-gcc "../Core/Src/system_stm32f1xx.c" -mcpu=cortex-m3 -std=gnu11 -g3 -DDEBUG -DUSE_HAL_DRIVER -DSTM32F103xB -c -I../Core/Inc -I../Drivers/STM32F1xx_HAL_Driver/Inc/Legacy -I../Drivers/STM32F1xx_HAL_Driver/Inc -I../Drivers/CMSIS/Device/ST/STM32F1xx/Include -I../Drivers/CMSIS/Include -O0 -ffunction-sections -fdata-sections -Wall -fstack-usage -fcyclomatic-complexity -MMD -MP -MF"Core/Src/system_stm32f1xx.d" -MT"Core/Src/system_stm32f1xx.o" --specs=nano.specs -mfloat-abi=soft -mthumb -o "Core/Src/system_stm32f1xx.o"
In file included from ../Core/Src/fnd_controller.c:1:
../Core/Src/fnd_controller.h:17:32: error: unknown type name 'uint8_t'
   17 | void digit4(int n, int replay, uint8_t showZero);
      |                                ^~~~~~~
../Core/Src/fnd_controller.h:1:1: note: 'uint8_t' is defined in header '<stdint.h>'; did you forget to '#include <stdint.h>'?
  +++ |+#include <stdint.h>
    1 | /*
../Core/Src/fnd_controller.c: In function 'send':
../Core/Src/fnd_controller.c:44:7: warning: implicit declaration of function 'HAL_GPIO_WritePin' [-Wimplicit-function-declaration]
   44 |       HAL_GPIO_WritePin(FND_DIO_GPIO_Port, FND_DIO_Pin, 1);
      |       ^~~~~~~~~~~~~~~~~
../Core/Src/fnd_controller.c:44:25: error: 'FND_DIO_GPIO_Port' undeclared (first use in this function)
   44 |       HAL_GPIO_WritePin(FND_DIO_GPIO_Port, FND_DIO_Pin, 1);
      |                         ^~~~~~~~~~~~~~~~~
../Core/Src/fnd_controller.c:44:25: note: each undeclared identifier is reported only once for each function it appears in
../Core/Src/fnd_controller.c:44:44: error: 'FND_DIO_Pin' undeclared (first use in this function)
   44 |       HAL_GPIO_WritePin(FND_DIO_GPIO_Port, FND_DIO_Pin, 1);
      |                                            ^~~~~~~~~~~
../Core/Src/fnd_controller.c:51:23: error: 'FND_SCLK_GPIO_Port' undeclared (first use in this function)
   51 |     HAL_GPIO_WritePin(FND_SCLK_GPIO_Port, FND_SCLK_Pin, 0);
      |                       ^~~~~~~~~~~~~~~~~~
../Core/Src/fnd_controller.c:51:43: error: 'FND_SCLK_Pin' undeclared (first use in this function)
   51 |     HAL_GPIO_WritePin(FND_SCLK_GPIO_Port, FND_SCLK_Pin, 0);
      |                                           ^~~~~~~~~~~~
../Core/Src/fnd_controller.c: In function 'send_port':
../Core/Src/fnd_controller.c:60:21: error: 'FND_RCLK_GPIO_Port' undeclared (first use in this function)
   60 |   HAL_GPIO_WritePin(FND_RCLK_GPIO_Port, FND_RCLK_Pin, 0);
      |                     ^~~~~~~~~~~~~~~~~~
../Core/Src/fnd_controller.c:60:41: error: 'FND_RCLK_Pin' undeclared (first use in this function)
   60 |   HAL_GPIO_WritePin(FND_RCLK_GPIO_Port, FND_RCLK_Pin, 0);
      |                                         ^~~~~~~~~~~~
../Core/Src/fnd_controller.c: At top level:
../Core/Src/fnd_controller.c:64:32: error: unknown type name 'uint8_t'
   64 | void digit4(int n, int replay, uint8_t showZero)
      |                                ^~~~~~~
../Core/Src/fnd_controller.c:2:1: note: 'uint8_t' is defined in header '<stdint.h>'; did you forget to '#include <stdint.h>'?
    1 | #include "fnd_controller.h"
  +++ |+#include <stdint.h>
    2 | 
../Core/Src/fnd_controller.c: In function 'digit4_replay':
../Core/Src/fnd_controller.c:82:3: warning: implicit declaration of function 'digit4'; did you mean 'digit2'? [-Wimplicit-function-declaration]
   82 |   digit4(n,replay,false);
      |   ^~~~~~
      |   digit2
../Core/Src/fnd_controller.c:82:19: error: 'false' undeclared (first use in this function)
   82 |   digit4(n,replay,false);
      |                   ^~~~~
../Core/Src/fnd_controller.c:2:1: note: 'false' is defined in header '<stdbool.h>'; did you forget to '#include <stdbool.h>'?
    1 | #include "fnd_controller.h"
  +++ |+#include <stdbool.h>
    2 | 
../Core/Src/fnd_controller.c: In function 'digit4_zero':
../Core/Src/fnd_controller.c:87:14: error: 'false' undeclared (first use in this function)
   87 |   digit4(n,0,false);
      |              ^~~~~
../Core/Src/fnd_controller.c:87:14: note: 'false' is defined in header '<stdbool.h>'; did you forget to '#include <stdbool.h>'?
../Core/Src/fnd_controller.c: In function 'digit4showZero_replay':
../Core/Src/fnd_controller.c:92:27: error: 'true' undeclared (first use in this function)
   92 |         digit4(n, replay, true);
      |                           ^~~~
../Core/Src/fnd_controller.c:92:27: note: 'true' is defined in header '<stdbool.h>'; did you forget to '#include <stdbool.h>'?
../Core/Src/fnd_controller.c: In function 'digit4showZero_zero':
../Core/Src/fnd_controller.c:97:22: error: 'true' undeclared (first use in this function)
   97 |         digit4(n, 0, true);
      |                      ^~~~
../Core/Src/fnd_controller.c:97:22: note: 'true' is defined in header '<stdbool.h>'; did you forget to '#include <stdbool.h>'?
../Core/Src/fnd_controller.c: In function 'digit2':
../Core/Src/fnd_controller.c:108:10: error: '_LED_0F' undeclared (first use in this function)
  108 |     send(_LED_0F[n1], port);
      |          ^~~~~~~
../Core/Src/fnd_controller.c:108:5: error: too many arguments to function 'send'
  108 |     send(_LED_0F[n1], port);
      |     ^~~~
../Core/Src/fnd_controller.c:37:6: note: declared here
   37 | void send(unsigned char X)
      |      ^~~~
../Core/Src/fnd_controller.c:109:5: error: too many arguments to function 'send'
  109 |     send(_LED_0F[n2], port<<1);
      |     ^~~~
../Core/Src/fnd_controller.c:37:6: note: declared here
   37 | void send(unsigned char X)
      |      ^~~~
../Core/Src/fnd_controller.c:103:11: warning: variable 'n2' set but not used [-Wunused-but-set-variable]
  103 |   int n1, n2;
      |           ^~
make: *** [Core/Src/subdir.mk:37: Core/Src/fnd_controller.o] Error 1
make: *** Waiting for unfinished jobs....
"make -j6 all" terminated with exit code 2. Build might be incomplete.
12:43:20 **** Incremental Build of configuration Debug for project test_1 ****
make -j6 all 
arm-none-eabi-gcc "../Core/Src/fnd_controller.c" -mcpu=cortex-m3 -std=gnu11 -g3 -DDEBUG -DUSE_HAL_DRIVER -DSTM32F103xB -c -I../Core/Inc -I../Drivers/STM32F1xx_HAL_Driver/Inc/Legacy -I../Drivers/STM32F1xx_HAL_Driver/Inc -I../Drivers/CMSIS/Device/ST/STM32F1xx/Include -I../Drivers/CMSIS/Include -O0 -ffunction-sections -fdata-sections -Wall -fstack-usage -fcyclomatic-complexity -MMD -MP -MF"Core/Src/fnd_controller.d" -MT"Core/Src/fnd_controller.o" --specs=nano.specs -mfloat-abi=soft -mthumb -o "Core/Src/fnd_controller.o"
arm-none-eabi-gcc "../Core/Src/main.c" -mcpu=cortex-m3 -std=gnu11 -g3 -DDEBUG -DUSE_HAL_DRIVER -DSTM32F103xB -c -I../Core/Inc -I../Drivers/STM32F1xx_HAL_Driver/Inc/Legacy -I../Drivers/STM32F1xx_HAL_Driver/Inc -I../Drivers/CMSIS/Device/ST/STM32F1xx/Include -I../Drivers/CMSIS/Include -O0 -ffunction-sections -fdata-sections -Wall -fstack-usage -fcyclomatic-complexity -MMD -MP -MF"Core/Src/main.d" -MT"Core/Src/main.o" --specs=nano.specs -mfloat-abi=soft -mthumb -o "Core/Src/main.o"
In file included from ../Core/Src/fnd_controller.c:1:
../Core/Src/fnd_controller.h:17:32: error: unknown type name 'int8_t'
   17 | void digit4(int n, int replay, int8_t showZero);
      |                                ^~~~~~
../Core/Src/fnd_controller.h:1:1: note: 'int8_t' is defined in header '<stdint.h>'; did you forget to '#include <stdint.h>'?
  +++ |+#include <stdint.h>
    1 | /*
../Core/Src/fnd_controller.c: In function 'send':
../Core/Src/fnd_controller.c:44:7: warning: implicit declaration of function 'HAL_GPIO_WritePin' [-Wimplicit-function-declaration]
   44 |       HAL_GPIO_WritePin(FND_DIO_GPIO_Port, FND_DIO_Pin, 1);
      |       ^~~~~~~~~~~~~~~~~
../Core/Src/fnd_controller.c:44:25: error: 'FND_DIO_GPIO_Port' undeclared (first use in this function)
   44 |       HAL_GPIO_WritePin(FND_DIO_GPIO_Port, FND_DIO_Pin, 1);
      |                         ^~~~~~~~~~~~~~~~~
../Core/Src/fnd_controller.c:44:25: note: each undeclared identifier is reported only once for each function it appears in
../Core/Src/fnd_controller.c:44:44: error: 'FND_DIO_Pin' undeclared (first use in this function)
   44 |       HAL_GPIO_WritePin(FND_DIO_GPIO_Port, FND_DIO_Pin, 1);
      |                                            ^~~~~~~~~~~
../Core/Src/fnd_controller.c:51:23: error: 'FND_SCLK_GPIO_Port' undeclared (first use in this function)
   51 |     HAL_GPIO_WritePin(FND_SCLK_GPIO_Port, FND_SCLK_Pin, 0);
      |                       ^~~~~~~~~~~~~~~~~~
[...]
arm-none-eabi-gcc "../Core/Src/stm32f1xx_it.c" -mcpu=cortex-m3 -std=gnu11 -g3 -DDEBUG -DUSE_HAL_DRIVER -DSTM32F103xB -c -I../Core/Inc -I../Drivers/STM32F1xx_HAL_Driver/Inc/Legacy -I../Drivers/STM32F1xx_HAL_Driver/Inc -I../Drivers/CMSIS/Device/ST/STM32F1xx/Include -I../Drivers/CMSIS/Include -I"C:/Users/Good/Desktop/developer/debugging_test/Core/Lib/Inc" -O0 -ffunction-sections -fdata-sections -Wall -fstack-usage -fcyclomatic-complexity -MMD -MP -MF"Core/Src/stm32f1xx_it.d" -MT"Core/Src/stm32f1xx_it.o" --specs=nano.specs -mfloat-abi=soft -mthumb -o "Core/Src/stm32f1xx_it.o"
arm-none-eabi-gcc "../Core/Src/system_stm32f1xx.c" -mcpu=cortex-m3 -std=gnu11 -g3 -DDEBUG -DUSE_HAL_DRIVER -DSTM32F103xB -c -I../Core/Inc -I../Drivers/STM32F1xx_HAL_Driver/Inc/Legacy -I../Drivers/STM32F1xx_HAL_Driver/Inc -I../Drivers/CMSIS/Device/ST/STM32F1xx/Include -I../Drivers/CMSIS/Include -I"C:/Users/Good/Desktop/developer/debugging_test/Core/Lib/Inc" -O0 -ffunction-sections -fdata-sections -Wall -fstack-usage -fcyclomatic-complexity -MMD -MP -MF"Core/Src/system_stm32f1xx.d" -MT"Core/Src/system_stm32f1xx.o" --specs=nano.specs -mfloat-abi=soft -mthumb -o "Core/Src/system_stm32f1xx.o"
arm-none-eabi-gcc "../Core/Lib/Src/ds18b20.c" -mcpu=cortex-m3 -std=gnu11 -g3 -DDEBUG -DUSE_HAL_DRIVER -DSTM32F103xB -c -I../Core/Inc -I../Drivers/STM32F1xx_HAL_Driver/Inc/Legacy -I../Drivers/STM32F1xx_HAL_Driver/Inc -I../Drivers/CMSIS/Device/ST/STM32F1xx/Include -I../Drivers/CMSIS/Include -I"C:/Users/Good/Desktop/developer/debugging_test/Core/Lib/Inc" -O0 -ffunction-sections -fdata-sections -Wall -fstack-usage -fcyclomatic-complexity -MMD -MP -MF"Core/Lib/Src/ds18b20.d" -MT"Core/Lib/Src/ds18b20.o" --specs=nano.specs -mfloat-abi=soft -mthumb -o "Core/Lib/Src/ds18b20.o"
arm-none-eabi-gcc "../Core/Lib/Src/onewire.c" -mcpu=cortex-m3 -std=gnu11 -g3 -DDEBUG -DUSE_HAL_DRIVER -DSTM32F103xB -c -I../Core/Inc -I../Drivers/STM32F1xx_HAL_Driver/Inc/Legacy -I../Drivers/STM32F1xx_HAL_Driver/Inc -I../Drivers/CMSIS/Device/ST/STM32F1xx/Include -I../Drivers/CMSIS/Include -I"C:/Users/Good/Desktop/developer/debugging_test/Core/Lib/Inc" -O0 -ffunction-sections -fdata-sections -Wall -fstack-usage -fcyclomatic-complexity -MMD -MP -MF"Core/Lib/Src/onewire.d" -MT"Core/Lib/Src/onewire.o" --specs=nano.specs -mfloat-abi=soft -mthumb -o "Core/Lib/Src/onewire.o"
arm-none-eabi-gcc -o "debugging_test.elf" @"objects.list"   -mcpu=cortex-m3 -T"C:\Users\Good\Desktop\developer\debugging_test\STM32F103C8TX_FLASH.ld" --specs=nosys.specs -Wl,-Map="debugging_test.map" -Wl,--gc-sections -static --specs=nano.specs -mfloat-abi=soft -mthumb -Wl,--start-group -lc -lm -Wl,--end-group
Finished building target: debugging_test.elf
 
arm-none-eabi-size  debugging_test.elf 
arm-none-eabi-objdump -h -S debugging_test.elf  > "debugging_test.list"
   text	   data	    bss	    dec	    hex	filename
   7528	     12	   1676	   9216	   2400	debugging_test.elf
Finished building: default.size.stdout
 
Finished building: debugging_test.list
 
22:52:53 **** Incremental Build of configuration Debug for project debugging_test ****
make -j6 all 
arm-none-eabi-gcc "../Core/Src/main.c" -mcpu=cortex-m3 -std=gnu11 -g3 -DDEBUG -DUSE_HAL_DRIVER -DSTM32F103xB -c -I../Core/Inc -I../Drivers/STM32F1xx_HAL_Driver/Inc/Legacy -I../Drivers/STM32F1xx_HAL_Driver/Inc -I../Drivers/CMSIS/Device/ST/STM32F1xx/Include -I../Drivers/CMSIS/Include -I"C:/Users/Good/Desktop/developer/debugging_test/Core/Lib/Inc" -O0 -ffunction-sections -fdata-sections -Wall -fstack-usage -fcyclomatic-complexity -MMD -MP -MF"Core/Src/main.d" -MT"Core/Src/main.o" --specs=nano.specs -mfloat-abi=soft -mthumb -o "Core/Src/main.o"
arm-none-eabi-gcc -o "debugging_test.elf" @"objects.list"   -mcpu=cortex-m3 -T"C:\Users\Good\Desktop\developer\debugging_test\STM32F103C8TX_FLASH.ld" --specs=nosys.specs -Wl,-Map="debugging_test.map" -Wl,--gc-sections -static --specs=nano.specs -mfloat-abi=soft -mthumb -Wl,--start-group -lc -lm -Wl,--end-group
Finished building target: debugging_test.elf
 
arm-none-eabi-size  debugging_test.elf 
arm-none-eabi-objdump -h -S debugging_test.elf  > "debugging_test.list"
   text	   data	    bss	    dec	    hex	filename
   7532	     12	   1676	   9220	   2404	debugging_test.elf
Finished building: default.size.stdout
 
Finished building: debugging_test.list
 
22:59:32 **** Incremental Build of configuration Debug for project debugging_test ****
make -j6 all 
arm-none-eabi-gcc "../Core/Src/main.c" -mcpu=cortex-m3 -std=gnu11 -g3 -DDEBUG -DUSE_HAL_DRIVER -DSTM32F103xB -c -I../Core/Inc -I../Drivers/STM32F1xx_HAL_Driver/Inc/Legacy -I../Drivers/STM32F1xx_HAL_Driver/Inc -I../Drivers/CMSIS/Device/ST/STM32F1xx/Include -I../Drivers/CMSIS/Include -I"C:/Users/Good/Desktop/developer/debugging_test/Core/Lib/Inc" -O0 -ffunction-sections -fdata-sections -Wall -fstack-usage -fcyclomatic-complexity -MMD -MP -MF"Core/Src/main.d" -MT"Core/Src/main.o" --specs=nano.specs -mfloat-abi=soft -mthumb -o "Core/Src/main.o"
arm-none-eabi-gcc "../Core/Src/stm32f1xx_it.c" -mcpu=cortex-m3 -std=gnu11 -g3 -DDEBUG -DUSE_HAL_DRIVER -DSTM32F103xB -c -I../Core/Inc -I../Drivers/STM32F1xx_HAL_Driver/Inc/Legacy -I../Drivers/STM32F1xx_HAL_Driver/Inc -I../Drivers/CMSIS/Device/ST/STM32F1xx/Include -I../Drivers/CMSIS/Include -I"C:/Users/Good/Desktop/developer/debugging_test/Core/Lib/Inc" -O0 -ffunction-sections -fdata-sections -Wall -fstack-usage -fcyclomatic-complexity -MMD -MP -MF"Core/Src/stm32f1xx_it.d" -MT"Core/Src/stm32f1xx_it.o" --specs=nano.specs -mfloat-abi=soft -mthumb -o "Core/Src/stm32f1xx_it.o"
../Core/Src/stm32f1xx_it.c:44:8: error: unknown type name 'uint32'
   44 | static uint32 m_time = 0;
      |        ^~~~~~
make: *** [Core/Src/subdir.mk:37: Core/Src/stm32f1xx_it.o] Error 1
make: *** Waiting for unfinished jobs....
"make -j6 all" terminated with exit code 2. Build might be incomplete.
23:00:11 **** Incremental Build of configuration Debug for project debugging_test ****
make -j6 all 
arm-none-eabi-gcc "../Core/Src/stm32f1xx_it.c" -mcpu=cortex-m3 -std=gnu11 -g3 -DDEBUG -DUSE_HAL_DRIVER -DSTM32F103xB -c -I../Core/Inc -I../Drivers/STM32F1xx_HAL_Driver/Inc/Legacy -I../Drivers/STM32F1xx_HAL_Driver/Inc -I../Drivers/CMSIS/Device/ST/STM32F1xx/Include -I../Drivers/CMSIS/Include -I"C:/Users/Good/Desktop/developer/debugging_test/Core/Lib/Inc" -O0 -ffunction-sections -fdata-sections -Wall -fstack-usage -fcyclomatic-complexity -MMD -MP -MF"Core/Src/stm32f1xx_it.d" -MT"Core/Src/stm32f1xx_it.o" --specs=nano.specs -mfloat-abi=soft -mthumb -o "Core/Src/stm32f1xx_it.o"
../Core/Src/stm32f1xx_it.c:44:8: error: unknown type name 'uint_32'
   44 | static uint_32 m_time = 0;
      |        ^~~~~~~
make: *** [Core/Src/subdir.mk:37: Core/Src/stm32f1xx_it.o] Error 1
"make -j6 all" terminated with exit code 2. Build might be incomplete.
23:01:23 **** Incremental Build of configuration Debug for project debugging_test ****
make -j6 all 
arm-none-eabi-gcc "../Core/Src/stm32f1xx_it.c" -mcpu=cortex-m3 -std=gnu11 -g3 -DDEBUG -DUSE_HAL_DRIVER -DSTM32F103xB -c -I../Core/Inc -I../Drivers/STM32F1xx_HAL_Driver/Inc/Legacy -I../Drivers/STM32F1xx_HAL_Driver/Inc -I../Drivers/CMSIS/Device/ST/STM32F1xx/Include -I../Drivers/CMSIS/Include -I"C:/Users/Good/Desktop/developer/debugging_test/Core/Lib/Inc" -O0 -ffunction-sections -fdata-sections -Wall -fstack-usage -fcyclomatic-complexity -MMD -MP -MF"Core/Src/stm32f1xx_it.d" -MT"Core/Src/stm32f1xx_it.o" --specs=nano.specs -mfloat-abi=soft -mthumb -o "Core/Src/stm32f1xx_it.o"
arm-none-eabi-gcc -o "debugging_test.elf" @"objects.list"   -mcpu=cortex-m3 -T"C:\Users\Good\Desktop\developer\debugging_test\STM32F103C8TX_FLASH.ld" --specs=nosys.specs -Wl,-Map="debugging_test.map" -Wl,--gc-sections -static --specs=nano.specs -mfloat-abi=soft -mthumb -Wl,--start-group -lc -lm -Wl,--end-group
Finished building target: debugging_test.elf
 
arm-none-eabi-size  debugging_test.elf 
arm-none-eabi-objdump -h -S debugging_test.elf  > "debugging_test.list"
   text	   data	    bss	    dec	    hex	filename
   7720	     12	   1676	   9408	   24c0	debugging_test.elf
Finished building: default.size.stdout
 
Finished building: debugging_test.list
 
23:01:39 **** Incremental Build of configuration Debug for project debugging_test ****
make -j6 all 
arm-none-eabi-size  debugging_test.elf 
   text	   data	    bss	    dec	    hex	filename
   7720	     12	   1676	   9408	   24c0	debugging_test.elf
Finished building: default.size.stdout
 
23:04:05 **** Incremental Build of configuration Debug for project debugging_test ****
make -j6 all 
arm-none-eabi-size  debugging_test.elf 
   text	   data	    bss	    dec	    hex	filename
   7720	     12	   1676	   9408	   24c0	debugging_test.elf
Finished building: default.size.stdout
 
23:04:56 **** Incremental Build of configuration Debug for project debugging_test ****
make -j6 all 
arm-none-eabi-size  debugging_test.elf 
   text	   data	    bss	    dec	    hex	filename
   7720	     12	   1676	   9408	   24c0	debugging_test.elf
Finished building: default.size.stdout
 
23:06:03 **** Incremental Build of configuration Debug for project debugging_test ****
make -j6 all 
arm-none-eabi-size  debugging_test.elf 
   text	   data	    bss	    dec	    hex	filename
   7720	     12	   1676	   9408	   24c0	debugging_test.elf
Finished building: default.size.stdout
 
23:08:08 **** Incremental Build of configuration Debug for project debugging_test ****
make -j6 all 
arm-none-eabi-size  debugging_test.elf 
   text	   data	    bss	    dec	    hex	filename
   7720	     12	   1676	   9408	   24c0	debugging_test.elf
Finished building: default.size.stdout
 
23:15:08 **** Incremental Build of configuration Debug for project debugging_test ****
make -j6 all 
arm-none-eabi-size  debugging_test.elf 
   text	   data	    bss	    dec	    hex	filename
   7720	     12	   1676	   9408	   24c0	debugging_test.elf
Finished building: default.size.stdout
 
23:29:50 **** Incremental Build of configuration Debug for project debugging_test ****
make -j6 all 
arm-none-eabi-gcc "../Core/Src/main.c" -mcpu=cortex-m3 -std=gnu11 -g3 -DDEBUG -DUSE_HAL_DRIVER -DSTM32F103xB -c -I../Core/Inc -I../Drivers/STM32F1xx_HAL_Driver/Inc/Legacy -I../Drivers/STM32F1xx_HAL_Driver/Inc -I../Drivers/CMSIS/Device/ST/STM32F1xx/Include -I../Drivers/CMSIS/Include -I"C:/Users/Good/Desktop/developer/debugging_test/Core/Lib/Inc" -O0 -ffunction-sections -fdata-sections -Wall -fstack-usage -fcyclomatic-complexity -MMD -MP -MF"Core/Src/main.d" -MT"Core/Src/main.o" --specs=nano.specs -mfloat-abi=soft -mthumb -o "Core/Src/main.o"
arm-none-eabi-gcc -o "debugging_test.elf" @"objects.list"   -mcpu=cortex-m3 -T"C:\Users\Good\Desktop\developer\debugging_test\STM32F103C8TX_FLASH.ld" --specs=nosys.specs -Wl,-Map="debugging_test.map" -Wl,--gc-sections -static --specs=nano.specs -mfloat-abi=soft -mthumb -Wl,--start-group -lc -lm -Wl,--end-group
Finished building target: debugging_test.elf
 
arm-none-eabi-size  debugging_test.elf 
arm-none-eabi-objdump -h -S debugging_test.elf  > "debugging_test.list"
   text	   data	    bss	    dec	    hex	filename
   7784	     12	   1676	   9472	   2500	debugging_test.elf
Finished building: default.size.stdout
 
Finished building: debugging_test.list
 
23:31:07 **** Incremental Build of configuration Debug for project debugging_test ****
make -j6 all 
arm-none-eabi-gcc "../Core/Src/main.c" -mcpu=cortex-m3 -std=gnu11 -g3 -DDEBUG -DUSE_HAL_DRIVER -DSTM32F103xB -c -I../Core/Inc -I../Drivers/STM32F1xx_HAL_Driver/Inc/Legacy -I../Drivers/STM32F1xx_HAL_Driver/Inc -I../Drivers/CMSIS/Device/ST/STM32F1xx/Include -I../Drivers/CMSIS/Include -I"C:/Users/Good/Desktop/developer/debugging_test/Core/Lib/Inc" -O0 -ffunction-sections -fdata-sections -Wall -fstack-usage -fcyclomatic-complexity -MMD -MP -MF"Core/Src/main.d" -MT"Core/Src/main.o" --specs=nano.specs -mfloat-abi=soft -mthumb -o "Core/Src/main.o"
arm-none-eabi-gcc -o "debugging_test.elf" @"objects.list"   -mcpu=cortex-m3 -T"C:\Users\Good\Desktop\developer\debugging_test\STM32F103C8TX_FLASH.ld" --specs=nosys.specs -Wl,-Map="debugging_test.map" -Wl,--gc-sections -static --specs=nano.specs -mfloat-abi=soft -mthumb -Wl,--start-group -lc -lm -Wl,--end-group
Finished building target: debugging_test.elf
 
arm-none-eabi-size  debugging_test.elf 
arm-none-eabi-objdump -h -S debugging_test.elf  > "debugging_test.list"
   text	   data	    bss	    dec	    hex	filename
   7784	     12	   1676	   9472	   2500	debugging_test.elf
Finished building: default.size.stdout
 
Finished building: debugging_test.list
 
23:36:32 **** Incremental Build of configuration Debug for project debugging_test ****
make -j6 all 
arm-none-eabi-gcc "../Core/Src/main.c" -mcpu=cortex-m3 -std=gnu11 -g3 -DDEBUG -DUSE_HAL_DRIVER -DSTM32F103xB -c -I../Core/Inc -I../Drivers/STM32F1xx_HAL_Driver/Inc/Legacy -I../Drivers/STM32F1xx_HAL_Driver/Inc -I../Drivers/CMSIS/Device/ST/STM32F1xx/Include -I../Drivers/CMSIS/Include -I"C:/Users/Good/Desktop/developer/debugging_test/Core/Lib/Inc" -O0 -ffunction-sections -fdata-sections -Wall -fstack-usage -fcyclomatic-complexity -MMD -MP -MF"Core/Src/main.d" -MT"Core/Src/main.o" --specs=nano.specs -mfloat-abi=soft -mthumb -o "Core/Src/main.o"
arm-none-eabi-gcc -o "debugging_test.elf" @"objects.list"   -mcpu=cortex-m3 -T"C:\Users\Good\Desktop\developer\debugging_test\STM32F103C8TX_FLASH.ld" --specs=nosys.specs -Wl,-Map="debugging_test.map" -Wl,--gc-sections -static --specs=nano.specs -mfloat-abi=soft -mthumb -Wl,--start-group -lc -lm -Wl,--end-group
Finished building target: debugging_test.elf
 
arm-none-eabi-size  debugging_test.elf 
arm-none-eabi-objdump -h -S debugging_test.elf  > "debugging_test.list"
   text	   data	    bss	    dec	    hex	filename
  10104	     12	   1716	  11832	   2e38	debugging_test.elf
Finished building: default.size.stdout
 
Finished building: debugging_test.list
 
23:38:29 **** Incremental Build of configuration Debug for project debugging_test ****
make -j6 all 
arm-none-eabi-size  debugging_test.elf 
   text	   data	    bss	    dec	    hex	filename
  10104	     12	   1716	  11832	   2e38	debugging_test.elf
Finished building: default.size.stdout
 
23:40:07 **** Incremental Build of configuration Debug for project debugging_test ****
make -j6 all 
arm-none-eabi-gcc "../Core/Src/main.c" -mcpu=cortex-m3 -std=gnu11 -g3 -DDEBUG -DUSE_HAL_DRIVER -DSTM32F103xB -c -I../Core/Inc -I../Drivers/STM32F1xx_HAL_Driver/Inc/Legacy -I../Drivers/STM32F1xx_HAL_Driver/Inc -I../Drivers/CMSIS/Device/ST/STM32F1xx/Include -I../Drivers/CMSIS/Include -I"C:/Users/Good/Desktop/developer/debugging_test/Core/Lib/Inc" -O0 -ffunction-sections -fdata-sections -Wall -fstack-usage -fcyclomatic-complexity -MMD -MP -MF"Core/Src/main.d" -MT"Core/Src/main.o" --specs=nano.specs -mfloat-abi=soft -mthumb -o "Core/Src/main.o"
arm-none-eabi-gcc -o "debugging_test.elf" @"objects.list"   -mcpu=cortex-m3 -T"C:\Users\Good\Desktop\developer\debugging_test\STM32F103C8TX_FLASH.ld" --specs=nosys.specs -Wl,-Map="debugging_test.map" -Wl,--gc-sections -static --specs=nano.specs -mfloat-abi=soft -mthumb -Wl,--start-group -lc -lm -Wl,--end-group
Finished building target: debugging_test.elf
 
arm-none-eabi-size  debugging_test.elf 
arm-none-eabi-objdump -h -S debugging_test.elf  > "debugging_test.list"
   text	   data	    bss	    dec	    hex	filename
  10104	     12	   1716	  11832	   2e38	debugging_test.elf
Finished building: default.size.stdout
 
Finished building: debugging_test.list
 
00:02:39 **** Incremental Build of configuration Debug for project debugging_test ****
make -j6 all 
arm-none-eabi-gcc "../Core/Src/main.c" -mcpu=cortex-m3 -std=gnu11 -g3 -DDEBUG -DUSE_HAL_DRIVER -DSTM32F103xB -c -I../Core/Inc -I../Drivers/STM32F1xx_HAL_Driver/Inc/Legacy -I../Drivers/STM32F1xx_HAL_Driver/Inc -I../Drivers/CMSIS/Device/ST/STM32F1xx/Include -I../Drivers/CMSIS/Include -I"C:/Users/Good/Desktop/developer/debugging_test/Core/Lib/Inc" -O0 -ffunction-sections -fdata-sections -Wall -fstack-usage -fcyclomatic-complexity -MMD -MP -MF"Core/Src/main.d" -MT"Core/Src/main.o" --specs=nano.specs -mfloat-abi=soft -mthumb -o "Core/Src/main.o"
arm-none-eabi-gcc -o "debugging_test.elf" @"objects.list"   -mcpu=cortex-m3 -T"C:\Users\Good\Desktop\developer\debugging_test\STM32F103C8TX_FLASH.ld" --specs=nosys.specs -Wl,-Map="debugging_test.map" -Wl,--gc-sections -static --specs=nano.specs -mfloat-abi=soft -mthumb -Wl,--start-group -lc -lm -Wl,--end-group
Finished building target: debugging_test.elf
 
arm-none-eabi-size  debugging_test.elf 
arm-none-eabi-objdump -h -S debugging_test.elf  > "debugging_test.list"
   text	   data	    bss	    dec	    hex	filename
  11976	     12	   1716	  13704	   3588	debugging_test.elf
Finished building: default.size.stdout
 
Finished building: debugging_test.list
 
00:04:17 **** Incremental Build of configuration Debug for project debugging_test ****
make -j6 all 
arm-none-eabi-size  debugging_test.elf 
   text	   data	    bss	    dec	    hex	filename
  11976	     12	   1716	  13704	   3588	debugging_test.elf
Finished building: default.size.stdout
 
00:12:22 **** Incremental Build of configuration Debug for project debugging_test ****
make -j6 all 
arm-none-eabi-gcc "../Core/Src/stm32f1xx_hal_msp.c" -mcpu=cortex-m3 -std=gnu11 -g3 -DDEBUG -DUSE_HAL_DRIVER -DSTM32F103xB -c -I../Core/Inc -I../Drivers/STM32F1xx_HAL_Driver/Inc/Legacy -I../Drivers/STM32F1xx_HAL_Driver/Inc -I../Drivers/CMSIS/Device/ST/STM32F1xx/Include -I../Drivers/CMSIS/Include -I"C:/Users/Good/Desktop/developer/debugging_test/Core/Lib/Inc" -O0 -ffunction-sections -fdata-sections -Wall -fstack-usage -fcyclomatic-complexity -MMD -MP -MF"Core/Src/stm32f1xx_hal_msp.d" -MT"Core/Src/stm32f1xx_hal_msp.o" --specs=nano.specs -mfloat-abi=soft -mthumb -o "Core/Src/stm32f1xx_hal_msp.o"
arm-none-eabi-gcc -o "debugging_test.elf" @"objects.list"   -mcpu=cortex-m3 -T"C:\Users\Good\Desktop\developer\debugging_test\STM32F103C8TX_FLASH.ld" --specs=nosys.specs -Wl,-Map="debugging_test.map" -Wl,--gc-sections -static --specs=nano.specs -mfloat-abi=soft -mthumb -Wl,--start-group -lc -lm -Wl,--end-group
Finished building target: debugging_test.elf
 
arm-none-eabi-size  debugging_test.elf 
arm-none-eabi-objdump -h -S debugging_test.elf  > "debugging_test.list"
   text	   data	    bss	    dec	    hex	filename
  11976	     12	   1716	  13704	   3588	debugging_test.elf
Finished building: default.size.stdout
 
Finished building: debugging_test.list
 
00:14:24 **** Incremental Build of configuration Debug for project debugging_test ****
make -j6 all 
arm-none-eabi-gcc "../Core/Src/main.c" -mcpu=cortex-m3 -std=gnu11 -g3 -DDEBUG -DUSE_HAL_DRIVER -DSTM32F103xB -c -I../Core/Inc -I../Drivers/STM32F1xx_HAL_Driver/Inc/Legacy -I../Drivers/STM32F1xx_HAL_Driver/Inc -I../Drivers/CMSIS/Device/ST/STM32F1xx/Include -I../Drivers/CMSIS/Include -I"C:/Users/Good/Desktop/developer/debugging_test/Core/Lib/Inc" -O0 -ffunction-sections -fdata-sections -Wall -fstack-usage -fcyclomatic-complexity -MMD -MP -MF"Core/Src/main.d" -MT"Core/Src/main.o" --specs=nano.specs -mfloat-abi=soft -mthumb -o "Core/Src/main.o"
arm-none-eabi-gcc -o "debugging_test.elf" @"objects.list"   -mcpu=cortex-m3 -T"C:\Users\Good\Desktop\developer\debugging_test\STM32F103C8TX_FLASH.ld" --specs=nosys.specs -Wl,-Map="debugging_test.map" -Wl,--gc-sections -static --specs=nano.specs -mfloat-abi=soft -mthumb -Wl,--start-group -lc -lm -Wl,--end-group
Finished building target: debugging_test.elf
 
arm-none-eabi-size  debugging_test.elf 
arm-none-eabi-objdump -h -S debugging_test.elf  > "debugging_test.list"
   text	   data	    bss	    dec	    hex	filename
  11976	     12	   1716	  13704	   3588	debugging_test.elf
Finished building: default.size.stdout
 
Finished building: debugging_test.list
 
00:22:55 **** Incremental Build of configuration Debug for project debugging_test ****
make -j6 all 
arm-none-eabi-size  debugging_test.elf 
   text	   data	    bss	    dec	    hex	filename
  11976	     12	   1716	  13704	   3588	debugging_test.elf
Finished building: default.size.stdout
 
