17:01:00 **** Incremental Build of configuration Debug for project uart_test ****
make -j6 all 
arm-none-eabi-gcc -o "uart_test.elf" @"objects.list"   -mcpu=cortex-m3 -T"C:\Users\Good\Desktop\developer\uart_test\STM32F103C8TX_FLASH.ld" --specs=nosys.specs -Wl,-Map="uart_test.map" -Wl,--gc-sections -static --specs=nano.specs -mfloat-abi=soft -mthumb -Wl,--start-group -lc -lm -Wl,--end-group
Finished building target: uart_test.elf
 
arm-none-eabi-size  uart_test.elf 
arm-none-eabi-objdump -h -S uart_test.elf  > "uart_test.list"
   text	   data	    bss	    dec	    hex	filename
   5496	     12	   1644	   7152	   1bf0	uart_test.elf
Finished building: default.size.stdout
 
Finished building: uart_test.list
 

17:01:00 Build Finished. 0 errors, 0 warnings. (took 916ms)

